yarn install v1.22.10
[1/5] Validating package.json...
[2/5] Resolving packages...
[3/5] Fetching packages...
info fsevents@1.2.13: The platform "linux" is incompatible with this module.
info "fsevents@1.2.13" is an optional dependency and failed compatibility check. Excluding it from installation.
info fsevents@2.3.2: The platform "linux" is incompatible with this module.
info "fsevents@2.3.2" is an optional dependency and failed compatibility check. Excluding it from installation.
[4/5] Linking dependencies...
[5/5] Building fresh packages...
Done in 7.32s.
yarn run v1.22.10
$ rollup -c 

src/index.js → dist/index.js, dist/index.modern.js...
created dist/index.js, dist/index.modern.js in 1.1s
Done in 1.54s.
yarn install v1.22.10
[1/5] Validating package.json...
[2/5] Resolving packages...
success Already up-to-date.
Done in 0.66s.
yarn run v1.22.10
$ rollup -c 

src/index.js → dist/index.js, dist/index.modern.js...
created dist/index.js, dist/index.modern.js in 1.1s
Done in 1.59s.
yarn install v1.22.10
[1/5] Validating package.json...
[2/5] Resolving packages...
[3/5] Fetching packages...
info fsevents@1.2.13: The platform "linux" is incompatible with this module.
info "fsevents@1.2.13" is an optional dependency and failed compatibility check. Excluding it from installation.
info fsevents@2.3.2: The platform "linux" is incompatible with this module.
info "fsevents@2.3.2" is an optional dependency and failed compatibility check. Excluding it from installation.
[4/5] Linking dependencies...
[5/5] Building fresh packages...
Done in 6.40s.
yarn run v1.22.10
$ rollup -c 

src/index.js → dist/index.js, dist/index.modern.js...
created dist/index.js, dist/index.modern.js in 1s
Done in 1.48s.
yarn install v1.22.10
[1/5] Validating package.json...
[2/5] Resolving packages...
[3/5] Fetching packages...
info fsevents@1.2.13: The platform "linux" is incompatible with this module.
info "fsevents@1.2.13" is an optional dependency and failed compatibility check. Excluding it from installation.
info fsevents@2.3.2: The platform "linux" is incompatible with this module.
info "fsevents@2.3.2" is an optional dependency and failed compatibility check. Excluding it from installation.
[4/5] Linking dependencies...
[5/5] Building fresh packages...
Done in 6.43s.
yarn run v1.22.10
$ rollup -c 

src/index.js → dist/index.js, dist/index.modern.js...
created dist/index.js, dist/index.modern.js in 1.1s
Done in 1.51s.
yarn install v1.22.10
[1/5] Validating package.json...
[2/5] Resolving packages...
[3/5] Fetching packages...
info fsevents@1.2.13: The platform "linux" is incompatible with this module.
info "fsevents@1.2.13" is an optional dependency and failed compatibility check. Excluding it from installation.
info fsevents@2.3.2: The platform "linux" is incompatible with this module.
info "fsevents@2.3.2" is an optional dependency and failed compatibility check. Excluding it from installation.
[4/5] Linking dependencies...
[5/5] Building fresh packages...
Done in 8.22s.
yarn run v1.22.10
$ rollup -c 

src/index.js → dist/index.js, dist/index.modern.js...
created dist/index.js, dist/index.modern.js in 1.1s
Done in 1.49s.
yarn install v1.22.10
[1/5] Validating package.json...
[2/5] Resolving packages...
[3/5] Fetching packages...
info fsevents@1.2.13: The platform "linux" is incompatible with this module.
info "fsevents@1.2.13" is an optional dependency and failed compatibility check. Excluding it from installation.
info fsevents@2.3.2: The platform "linux" is incompatible with this module.
info "fsevents@2.3.2" is an optional dependency and failed compatibility check. Excluding it from installation.
[4/5] Linking dependencies...
[5/5] Building fresh packages...
Done in 6.59s.
yarn run v1.22.10
$ rollup -c 

src/index.js → dist/index.js, dist/index.modern.js...
created dist/index.js, dist/index.modern.js in 1s
Done in 1.49s.
yarn install v1.22.10
[1/5] Validating package.json...
[2/5] Resolving packages...
[3/5] Fetching packages...
info fsevents@1.2.13: The platform "linux" is incompatible with this module.
info "fsevents@1.2.13" is an optional dependency and failed compatibility check. Excluding it from installation.
info fsevents@2.3.2: The platform "linux" is incompatible with this module.
info "fsevents@2.3.2" is an optional dependency and failed compatibility check. Excluding it from installation.
[4/5] Linking dependencies...
[5/5] Building fresh packages...
Done in 6.41s.
yarn run v1.22.10
$ rollup -c 

src/index.js → dist/index.js, dist/index.modern.js...
created dist/index.js, dist/index.modern.js in 1s
Done in 1.49s.
yarn install v1.22.10
[1/5] Validating package.json...
[2/5] Resolving packages...
[3/5] Fetching packages...
info fsevents@1.2.13: The platform "linux" is incompatible with this module.
info "fsevents@1.2.13" is an optional dependency and failed compatibility check. Excluding it from installation.
info fsevents@2.3.2: The platform "linux" is incompatible with this module.
info "fsevents@2.3.2" is an optional dependency and failed compatibility check. Excluding it from installation.
[4/5] Linking dependencies...
[5/5] Building fresh packages...
Done in 6.34s.
yarn run v1.22.10
$ rollup -c 

src/index.js → dist/index.js, dist/index.modern.js...
created dist/index.js, dist/index.modern.js in 1s
Done in 1.46s.
yarn install v1.22.10
[1/5] Validating package.json...
[2/5] Resolving packages...
[3/5] Fetching packages...
info fsevents@1.2.13: The platform "linux" is incompatible with this module.
info "fsevents@1.2.13" is an optional dependency and failed compatibility check. Excluding it from installation.
info fsevents@2.3.2: The platform "linux" is incompatible with this module.
info "fsevents@2.3.2" is an optional dependency and failed compatibility check. Excluding it from installation.
[4/5] Linking dependencies...
[5/5] Building fresh packages...
Done in 6.31s.
yarn run v1.22.10
$ rollup -c 

src/index.js → dist/index.js, dist/index.modern.js...
created dist/index.js, dist/index.modern.js in 1s
Done in 1.45s.
