yarn install v1.22.10
[1/5] Validating package.json...
[2/5] Resolving packages...
[3/5] Fetching packages...
info fsevents@1.2.13: The platform "linux" is incompatible with this module.
info "fsevents@1.2.13" is an optional dependency and failed compatibility check. Excluding it from installation.
info fsevents@2.3.2: The platform "linux" is incompatible with this module.
info "fsevents@2.3.2" is an optional dependency and failed compatibility check. Excluding it from installation.
[4/5] Linking dependencies...
[5/5] Building fresh packages...
Done in 7.72s.
yarn run v1.22.10
$ rollup -c 

src/index.js → dist/index.js, dist/index.modern.js...
created dist/index.js, dist/index.modern.js in 635ms
Done in 1.03s.
yarn install v1.22.10
[1/5] Validating package.json...
[2/5] Resolving packages...
success Already up-to-date.
Done in 0.69s.
yarn run v1.22.10
$ rollup -c 

src/index.js → dist/index.js, dist/index.modern.js...
created dist/index.js, dist/index.modern.js in 661ms
Done in 1.06s.
yarn install v1.22.10
[1/5] Validating package.json...
[2/5] Resolving packages...
[3/5] Fetching packages...
info fsevents@1.2.13: The platform "linux" is incompatible with this module.
info "fsevents@1.2.13" is an optional dependency and failed compatibility check. Excluding it from installation.
info fsevents@2.3.2: The platform "linux" is incompatible with this module.
info "fsevents@2.3.2" is an optional dependency and failed compatibility check. Excluding it from installation.
[4/5] Linking dependencies...
[5/5] Building fresh packages...
Done in 7.20s.
yarn run v1.22.10
$ rollup -c 

src/index.js → dist/index.js, dist/index.modern.js...
created dist/index.js, dist/index.modern.js in 614ms
Done in 1.00s.
yarn install v1.22.10
[1/5] Validating package.json...
[2/5] Resolving packages...
[3/5] Fetching packages...
info fsevents@1.2.13: The platform "linux" is incompatible with this module.
info "fsevents@1.2.13" is an optional dependency and failed compatibility check. Excluding it from installation.
info fsevents@2.3.2: The platform "linux" is incompatible with this module.
info "fsevents@2.3.2" is an optional dependency and failed compatibility check. Excluding it from installation.
[4/5] Linking dependencies...
[5/5] Building fresh packages...
Done in 6.25s.
yarn run v1.22.10
$ rollup -c 

src/index.js → dist/index.js, dist/index.modern.js...
created dist/index.js, dist/index.modern.js in 617ms
Done in 1.01s.
yarn install v1.22.10
[1/5] Validating package.json...
[2/5] Resolving packages...
[3/5] Fetching packages...
info fsevents@1.2.13: The platform "linux" is incompatible with this module.
info "fsevents@1.2.13" is an optional dependency and failed compatibility check. Excluding it from installation.
info fsevents@2.3.2: The platform "linux" is incompatible with this module.
info "fsevents@2.3.2" is an optional dependency and failed compatibility check. Excluding it from installation.
[4/5] Linking dependencies...
[5/5] Building fresh packages...
Done in 6.41s.
yarn run v1.22.10
$ rollup -c 

src/index.js → dist/index.js, dist/index.modern.js...
created dist/index.js, dist/index.modern.js in 616ms
Done in 1.01s.
yarn install v1.22.10
[1/5] Validating package.json...
[2/5] Resolving packages...
[3/5] Fetching packages...
info fsevents@1.2.13: The platform "linux" is incompatible with this module.
info "fsevents@1.2.13" is an optional dependency and failed compatibility check. Excluding it from installation.
info fsevents@2.3.2: The platform "linux" is incompatible with this module.
info "fsevents@2.3.2" is an optional dependency and failed compatibility check. Excluding it from installation.
[4/5] Linking dependencies...
[5/5] Building fresh packages...
Done in 7.67s.
yarn run v1.22.10
$ rollup -c 

src/index.js → dist/index.js, dist/index.modern.js...
created dist/index.js, dist/index.modern.js in 642ms
Done in 1.05s.
yarn install v1.22.10
[1/5] Validating package.json...
[2/5] Resolving packages...
[3/5] Fetching packages...
info fsevents@1.2.13: The platform "linux" is incompatible with this module.
info "fsevents@1.2.13" is an optional dependency and failed compatibility check. Excluding it from installation.
info fsevents@2.3.2: The platform "linux" is incompatible with this module.
info "fsevents@2.3.2" is an optional dependency and failed compatibility check. Excluding it from installation.
[4/5] Linking dependencies...
[5/5] Building fresh packages...
Done in 7.03s.
yarn run v1.22.10
$ rollup -c 

src/index.js → dist/index.js, dist/index.modern.js...
created dist/index.js, dist/index.modern.js in 620ms
Done in 1.01s.
yarn install v1.22.10
[1/5] Validating package.json...
[2/5] Resolving packages...
[3/5] Fetching packages...
info fsevents@1.2.13: The platform "linux" is incompatible with this module.
info "fsevents@1.2.13" is an optional dependency and failed compatibility check. Excluding it from installation.
info fsevents@2.3.2: The platform "linux" is incompatible with this module.
info "fsevents@2.3.2" is an optional dependency and failed compatibility check. Excluding it from installation.
[4/5] Linking dependencies...
[5/5] Building fresh packages...
Done in 7.40s.
yarn run v1.22.10
$ rollup -c 

src/index.js → dist/index.js, dist/index.modern.js...
created dist/index.js, dist/index.modern.js in 616ms
Done in 1.00s.
yarn install v1.22.10
[1/5] Validating package.json...
[2/5] Resolving packages...
[3/5] Fetching packages...
info fsevents@1.2.13: The platform "linux" is incompatible with this module.
info "fsevents@1.2.13" is an optional dependency and failed compatibility check. Excluding it from installation.
info fsevents@2.3.2: The platform "linux" is incompatible with this module.
info "fsevents@2.3.2" is an optional dependency and failed compatibility check. Excluding it from installation.
[4/5] Linking dependencies...
[5/5] Building fresh packages...
Done in 6.30s.
yarn run v1.22.10
$ rollup -c 

src/index.js → dist/index.js, dist/index.modern.js...
created dist/index.js, dist/index.modern.js in 613ms
Done in 1.00s.
