yarn install v1.22.5
[1/5] Validating package.json...
[2/5] Resolving packages...
[3/5] Fetching packages...
info fsevents@1.2.13: The platform "linux" is incompatible with this module.
info "fsevents@1.2.13" is an optional dependency and failed compatibility check. Excluding it from installation.
info fsevents@2.3.2: The platform "linux" is incompatible with this module.
info "fsevents@2.3.2" is an optional dependency and failed compatibility check. Excluding it from installation.
[4/5] Linking dependencies...
[5/5] Building fresh packages...
Done in 15.30s.
yarn run v1.22.5
$ rollup -c 

src/index.js → dist/index.js, dist/index.modern.js...
created dist/index.js, dist/index.modern.js in 2.9s
Done in 4.54s.
yarn install v1.22.5
[1/5] Validating package.json...
[2/5] Resolving packages...
[3/5] Fetching packages...
info fsevents@1.2.13: The platform "linux" is incompatible with this module.
info "fsevents@1.2.13" is an optional dependency and failed compatibility check. Excluding it from installation.
info fsevents@2.3.2: The platform "linux" is incompatible with this module.
info "fsevents@2.3.2" is an optional dependency and failed compatibility check. Excluding it from installation.
[4/5] Linking dependencies...
[5/5] Building fresh packages...
Done in 15.20s.
yarn run v1.22.5
$ rollup -c 

src/index.js → dist/index.js, dist/index.modern.js...
created dist/index.js, dist/index.modern.js in 2.9s
Done in 4.49s.
yarn install v1.22.5
[1/5] Validating package.json...
[2/5] Resolving packages...
[3/5] Fetching packages...
info fsevents@1.2.13: The platform "linux" is incompatible with this module.
info "fsevents@1.2.13" is an optional dependency and failed compatibility check. Excluding it from installation.
info fsevents@2.3.2: The platform "linux" is incompatible with this module.
info "fsevents@2.3.2" is an optional dependency and failed compatibility check. Excluding it from installation.
[4/5] Linking dependencies...
[5/5] Building fresh packages...
Done in 15.08s.
yarn run v1.22.5
$ rollup -c 

src/index.js → dist/index.js, dist/index.modern.js...
created dist/index.js, dist/index.modern.js in 3s
Done in 4.66s.
yarn install v1.22.5
[1/5] Validating package.json...
[2/5] Resolving packages...
success Already up-to-date.
Done in 0.47s.
yarn run v1.22.5
$ rollup -c 

src/index.js → dist/index.js, dist/index.modern.js...
created dist/index.js, dist/index.modern.js in 3s
Done in 4.74s.
yarn install v1.22.5
[1/5] Validating package.json...
[2/5] Resolving packages...
success Already up-to-date.
Done in 0.45s.
yarn run v1.22.5
$ rollup -c 

src/index.js → dist/index.js, dist/index.modern.js...
created dist/index.js, dist/index.modern.js in 1s
Done in 1.35s.
yarn install v1.22.5
[1/5] Validating package.json...
[2/5] Resolving packages...
success Already up-to-date.
Done in 0.60s.
yarn run v1.22.5
$ rollup -c 

src/index.js → dist/index.js, dist/index.modern.js...
created dist/index.js, dist/index.modern.js in 1.5s
Done in 1.95s.
yarn install v1.22.5
[1/5] Validating package.json...
[2/5] Resolving packages...
[3/5] Fetching packages...
info fsevents@1.2.13: The platform "linux" is incompatible with this module.
info "fsevents@1.2.13" is an optional dependency and failed compatibility check. Excluding it from installation.
info fsevents@2.3.2: The platform "linux" is incompatible with this module.
info "fsevents@2.3.2" is an optional dependency and failed compatibility check. Excluding it from installation.
[4/5] Linking dependencies...
[5/5] Building fresh packages...
Done in 15.65s.
yarn run v1.22.5
$ rollup -c 

src/index.js → dist/index.js, dist/index.modern.js...
created dist/index.js, dist/index.modern.js in 3.3s
Done in 5.22s.
yarn install v1.22.5
[1/5] Validating package.json...
[2/5] Resolving packages...
success Already up-to-date.
Done in 0.44s.
yarn run v1.22.5
$ rollup -c 

src/index.js → dist/index.js, dist/index.modern.js...
created dist/index.js, dist/index.modern.js in 1s
Done in 1.44s.
yarn install v1.22.5
[1/5] Validating package.json...
[2/5] Resolving packages...
[3/5] Fetching packages...
info fsevents@1.2.13: The platform "linux" is incompatible with this module.
info "fsevents@1.2.13" is an optional dependency and failed compatibility check. Excluding it from installation.
info fsevents@2.3.2: The platform "linux" is incompatible with this module.
info "fsevents@2.3.2" is an optional dependency and failed compatibility check. Excluding it from installation.
[4/5] Linking dependencies...
[5/5] Building fresh packages...
Done in 16.90s.
yarn run v1.22.5
$ rollup -c 

src/index.js → dist/index.js, dist/index.modern.js...
created dist/index.js, dist/index.modern.js in 4.4s
Done in 6.80s.
yarn install v1.22.5
[1/5] Validating package.json...
[2/5] Resolving packages...
[3/5] Fetching packages...
info fsevents@1.2.13: The platform "linux" is incompatible with this module.
info "fsevents@1.2.13" is an optional dependency and failed compatibility check. Excluding it from installation.
info fsevents@2.3.2: The platform "linux" is incompatible with this module.
info "fsevents@2.3.2" is an optional dependency and failed compatibility check. Excluding it from installation.
[4/5] Linking dependencies...
[5/5] Building fresh packages...
Done in 15.29s.
yarn run v1.22.5
$ rollup -c 

src/index.js → dist/index.js, dist/index.modern.js...
created dist/index.js, dist/index.modern.js in 3.2s
Done in 4.94s.
yarn install v1.22.5
[1/5] Validating package.json...
[2/5] Resolving packages...
success Already up-to-date.
Done in 0.44s.
yarn run v1.22.5
$ rollup -c 

src/index.js → dist/index.js, dist/index.modern.js...
created dist/index.js, dist/index.modern.js in 1.1s
Done in 1.52s.
yarn install v1.22.5
[1/5] Validating package.json...
[2/5] Resolving packages...
[3/5] Fetching packages...
info fsevents@1.2.13: The platform "linux" is incompatible with this module.
info "fsevents@1.2.13" is an optional dependency and failed compatibility check. Excluding it from installation.
info fsevents@2.3.2: The platform "linux" is incompatible with this module.
info "fsevents@2.3.2" is an optional dependency and failed compatibility check. Excluding it from installation.
[4/5] Linking dependencies...
[5/5] Building fresh packages...
Done in 12.15s.
yarn run v1.22.5
$ rollup -c 

src/index.js → dist/index.js, dist/index.modern.js...
created dist/index.js, dist/index.modern.js in 1.1s
Done in 1.52s.
yarn install v1.22.10
[1/5] Validating package.json...
[2/5] Resolving packages...
[3/5] Fetching packages...
info fsevents@1.2.13: The platform "linux" is incompatible with this module.
info "fsevents@1.2.13" is an optional dependency and failed compatibility check. Excluding it from installation.
info fsevents@2.3.2: The platform "linux" is incompatible with this module.
info "fsevents@2.3.2" is an optional dependency and failed compatibility check. Excluding it from installation.
[4/5] Linking dependencies...
[5/5] Building fresh packages...
Done in 6.35s.
yarn run v1.22.10
$ rollup -c 

src/index.js → dist/index.js, dist/index.modern.js...
created dist/index.js, dist/index.modern.js in 1.6s
Done in 2.07s.
yarn install v1.22.10
[1/5] Validating package.json...
[2/5] Resolving packages...
[3/5] Fetching packages...
info fsevents@1.2.13: The platform "linux" is incompatible with this module.
info "fsevents@1.2.13" is an optional dependency and failed compatibility check. Excluding it from installation.
info fsevents@2.3.2: The platform "linux" is incompatible with this module.
info "fsevents@2.3.2" is an optional dependency and failed compatibility check. Excluding it from installation.
[4/5] Linking dependencies...
[5/5] Building fresh packages...
Done in 6.78s.
yarn run v1.22.10
$ rollup -c 

src/index.js → dist/index.js, dist/index.modern.js...
created dist/index.js, dist/index.modern.js in 1.7s
Done in 2.11s.
yarn install v1.22.5
[1/5] Validating package.json...
[2/5] Resolving packages...
[3/5] Fetching packages...
info fsevents@1.2.13: The platform "linux" is incompatible with this module.
info "fsevents@1.2.13" is an optional dependency and failed compatibility check. Excluding it from installation.
info fsevents@2.3.2: The platform "linux" is incompatible with this module.
info "fsevents@2.3.2" is an optional dependency and failed compatibility check. Excluding it from installation.
[4/5] Linking dependencies...
[5/5] Building fresh packages...
Done in 16.56s.
yarn run v1.22.5
$ rollup -c 

src/index.js → dist/index.js, dist/index.modern.js...
created dist/index.js, dist/index.modern.js in 1.7s
Done in 2.10s.
yarn install v1.22.5
[1/5] Validating package.json...
[2/5] Resolving packages...
success Already up-to-date.
Done in 0.52s.
yarn run v1.22.5
$ rollup -c 

src/index.js → dist/index.js, dist/index.modern.js...
created dist/index.js, dist/index.modern.js in 1.5s
Done in 1.96s.
yarn install v1.22.5
[1/5] Validating package.json...
[2/5] Resolving packages...
success Already up-to-date.
Done in 0.53s.
yarn run v1.22.5
$ rollup -c 

src/index.js → dist/index.js, dist/index.modern.js...
created dist/index.js, dist/index.modern.js in 1.5s
Done in 1.95s.
yarn install v1.22.5
[1/5] Validating package.json...
[2/5] Resolving packages...
[3/5] Fetching packages...
info fsevents@1.2.13: The platform "linux" is incompatible with this module.
info "fsevents@1.2.13" is an optional dependency and failed compatibility check. Excluding it from installation.
info fsevents@2.3.2: The platform "linux" is incompatible with this module.
info "fsevents@2.3.2" is an optional dependency and failed compatibility check. Excluding it from installation.
[4/5] Linking dependencies...
[5/5] Building fresh packages...
Done in 13.12s.
yarn run v1.22.5
$ rollup -c 

src/index.js → dist/index.js, dist/index.modern.js...
(!) Unused external imports
useRef imported from external module 'react' but never used
created dist/index.js, dist/index.modern.js in 1.4s
Done in 1.76s.
yarn install v1.22.5
[1/5] Validating package.json...
[2/5] Resolving packages...
[3/5] Fetching packages...
info fsevents@1.2.13: The platform "linux" is incompatible with this module.
info "fsevents@1.2.13" is an optional dependency and failed compatibility check. Excluding it from installation.
info fsevents@2.3.2: The platform "linux" is incompatible with this module.
info "fsevents@2.3.2" is an optional dependency and failed compatibility check. Excluding it from installation.
[4/5] Linking dependencies...
[5/5] Building fresh packages...
Done in 13.13s.
yarn run v1.22.5
$ rollup -c 

src/index.js → dist/index.js, dist/index.modern.js...
(!) Unused external imports
useRef imported from external module 'react' but never used
created dist/index.js, dist/index.modern.js in 1.4s
Done in 1.82s.
