yarn install v1.22.5
[1/5] Validating package.json...
[2/5] Resolving packages...
[3/5] Fetching packages...
info fsevents@1.2.13: The platform "linux" is incompatible with this module.
info "fsevents@1.2.13" is an optional dependency and failed compatibility check. Excluding it from installation.
info fsevents@2.3.2: The platform "linux" is incompatible with this module.
info "fsevents@2.3.2" is an optional dependency and failed compatibility check. Excluding it from installation.
[4/5] Linking dependencies...
[5/5] Building fresh packages...
Done in 15.30s.
yarn run v1.22.5
$ rollup -c 

src/index.js → dist/index.js, dist/index.modern.js...
created dist/index.js, dist/index.modern.js in 2.9s
Done in 4.54s.
yarn install v1.22.5
[1/5] Validating package.json...
[2/5] Resolving packages...
[3/5] Fetching packages...
info fsevents@1.2.13: The platform "linux" is incompatible with this module.
info "fsevents@1.2.13" is an optional dependency and failed compatibility check. Excluding it from installation.
info fsevents@2.3.2: The platform "linux" is incompatible with this module.
info "fsevents@2.3.2" is an optional dependency and failed compatibility check. Excluding it from installation.
[4/5] Linking dependencies...
[5/5] Building fresh packages...
Done in 15.20s.
yarn run v1.22.5
$ rollup -c 

src/index.js → dist/index.js, dist/index.modern.js...
created dist/index.js, dist/index.modern.js in 2.9s
Done in 4.49s.
yarn install v1.22.5
[1/5] Validating package.json...
[2/5] Resolving packages...
[3/5] Fetching packages...
info fsevents@1.2.13: The platform "linux" is incompatible with this module.
info "fsevents@1.2.13" is an optional dependency and failed compatibility check. Excluding it from installation.
info fsevents@2.3.2: The platform "linux" is incompatible with this module.
info "fsevents@2.3.2" is an optional dependency and failed compatibility check. Excluding it from installation.
[4/5] Linking dependencies...
[5/5] Building fresh packages...
Done in 15.08s.
yarn run v1.22.5
$ rollup -c 

src/index.js → dist/index.js, dist/index.modern.js...
created dist/index.js, dist/index.modern.js in 3s
Done in 4.66s.
yarn install v1.22.5
[1/5] Validating package.json...
[2/5] Resolving packages...
success Already up-to-date.
Done in 0.47s.
yarn run v1.22.5
$ rollup -c 

src/index.js → dist/index.js, dist/index.modern.js...
created dist/index.js, dist/index.modern.js in 3s
Done in 4.74s.
yarn install v1.22.5
[1/5] Validating package.json...
[2/5] Resolving packages...
success Already up-to-date.
Done in 0.45s.
yarn run v1.22.5
$ rollup -c 

src/index.js → dist/index.js, dist/index.modern.js...
created dist/index.js, dist/index.modern.js in 1s
Done in 1.35s.
yarn install v1.22.5
[1/5] Validating package.json...
[2/5] Resolving packages...
success Already up-to-date.
Done in 0.60s.
yarn run v1.22.5
$ rollup -c 

src/index.js → dist/index.js, dist/index.modern.js...
created dist/index.js, dist/index.modern.js in 1.5s
Done in 1.95s.
yarn install v1.22.5
[1/5] Validating package.json...
[2/5] Resolving packages...
[3/5] Fetching packages...
info fsevents@1.2.13: The platform "linux" is incompatible with this module.
info "fsevents@1.2.13" is an optional dependency and failed compatibility check. Excluding it from installation.
info fsevents@2.3.2: The platform "linux" is incompatible with this module.
info "fsevents@2.3.2" is an optional dependency and failed compatibility check. Excluding it from installation.
[4/5] Linking dependencies...
[5/5] Building fresh packages...
Done in 15.65s.
yarn run v1.22.5
$ rollup -c 

src/index.js → dist/index.js, dist/index.modern.js...
created dist/index.js, dist/index.modern.js in 3.3s
Done in 5.22s.
yarn install v1.22.5
[1/5] Validating package.json...
[2/5] Resolving packages...
success Already up-to-date.
Done in 0.44s.
yarn run v1.22.5
$ rollup -c 

src/index.js → dist/index.js, dist/index.modern.js...
created dist/index.js, dist/index.modern.js in 1s
Done in 1.44s.
yarn install v1.22.5
[1/5] Validating package.json...
[2/5] Resolving packages...
[3/5] Fetching packages...
info fsevents@1.2.13: The platform "linux" is incompatible with this module.
info "fsevents@1.2.13" is an optional dependency and failed compatibility check. Excluding it from installation.
info fsevents@2.3.2: The platform "linux" is incompatible with this module.
info "fsevents@2.3.2" is an optional dependency and failed compatibility check. Excluding it from installation.
[4/5] Linking dependencies...
[5/5] Building fresh packages...
Done in 16.90s.
yarn run v1.22.5
$ rollup -c 

src/index.js → dist/index.js, dist/index.modern.js...
created dist/index.js, dist/index.modern.js in 4.4s
Done in 6.80s.
yarn install v1.22.5
[1/5] Validating package.json...
[2/5] Resolving packages...
[3/5] Fetching packages...
info fsevents@1.2.13: The platform "linux" is incompatible with this module.
info "fsevents@1.2.13" is an optional dependency and failed compatibility check. Excluding it from installation.
info fsevents@2.3.2: The platform "linux" is incompatible with this module.
info "fsevents@2.3.2" is an optional dependency and failed compatibility check. Excluding it from installation.
[4/5] Linking dependencies...
[5/5] Building fresh packages...
Done in 15.29s.
yarn run v1.22.5
$ rollup -c 

src/index.js → dist/index.js, dist/index.modern.js...
created dist/index.js, dist/index.modern.js in 3.2s
Done in 4.94s.
yarn install v1.22.5
[1/5] Validating package.json...
[2/5] Resolving packages...
success Already up-to-date.
Done in 0.44s.
yarn run v1.22.5
$ rollup -c 

src/index.js → dist/index.js, dist/index.modern.js...
created dist/index.js, dist/index.modern.js in 1.1s
Done in 1.52s.
yarn install v1.22.5
[1/5] Validating package.json...
[2/5] Resolving packages...
[3/5] Fetching packages...
info fsevents@1.2.13: The platform "linux" is incompatible with this module.
info "fsevents@1.2.13" is an optional dependency and failed compatibility check. Excluding it from installation.
info fsevents@2.3.2: The platform "linux" is incompatible with this module.
info "fsevents@2.3.2" is an optional dependency and failed compatibility check. Excluding it from installation.
[4/5] Linking dependencies...
[5/5] Building fresh packages...
Done in 12.15s.
yarn run v1.22.5
$ rollup -c 

src/index.js → dist/index.js, dist/index.modern.js...
created dist/index.js, dist/index.modern.js in 1.1s
Done in 1.52s.
yarn install v1.22.10
[1/5] Validating package.json...
[2/5] Resolving packages...
[3/5] Fetching packages...
info fsevents@1.2.13: The platform "linux" is incompatible with this module.
info "fsevents@1.2.13" is an optional dependency and failed compatibility check. Excluding it from installation.
info fsevents@2.3.2: The platform "linux" is incompatible with this module.
info "fsevents@2.3.2" is an optional dependency and failed compatibility check. Excluding it from installation.
[4/5] Linking dependencies...
[5/5] Building fresh packages...
Done in 6.35s.
yarn run v1.22.10
$ rollup -c 

src/index.js → dist/index.js, dist/index.modern.js...
created dist/index.js, dist/index.modern.js in 1.6s
Done in 2.07s.
yarn install v1.22.10
[1/5] Validating package.json...
[2/5] Resolving packages...
[3/5] Fetching packages...
info fsevents@1.2.13: The platform "linux" is incompatible with this module.
info "fsevents@1.2.13" is an optional dependency and failed compatibility check. Excluding it from installation.
info fsevents@2.3.2: The platform "linux" is incompatible with this module.
info "fsevents@2.3.2" is an optional dependency and failed compatibility check. Excluding it from installation.
[4/5] Linking dependencies...
[5/5] Building fresh packages...
Done in 6.78s.
yarn run v1.22.10
$ rollup -c 

src/index.js → dist/index.js, dist/index.modern.js...
created dist/index.js, dist/index.modern.js in 1.7s
Done in 2.11s.
yarn install v1.22.5
[1/5] Validating package.json...
[2/5] Resolving packages...
[3/5] Fetching packages...
info fsevents@1.2.13: The platform "linux" is incompatible with this module.
info "fsevents@1.2.13" is an optional dependency and failed compatibility check. Excluding it from installation.
info fsevents@2.3.2: The platform "linux" is incompatible with this module.
info "fsevents@2.3.2" is an optional dependency and failed compatibility check. Excluding it from installation.
[4/5] Linking dependencies...
[5/5] Building fresh packages...
Done in 16.56s.
yarn run v1.22.5
$ rollup -c 

src/index.js → dist/index.js, dist/index.modern.js...
created dist/index.js, dist/index.modern.js in 1.7s
Done in 2.10s.
yarn install v1.22.5
[1/5] Validating package.json...
[2/5] Resolving packages...
success Already up-to-date.
Done in 0.52s.
yarn run v1.22.5
$ rollup -c 

src/index.js → dist/index.js, dist/index.modern.js...
created dist/index.js, dist/index.modern.js in 1.5s
Done in 1.96s.
yarn install v1.22.5
[1/5] Validating package.json...
[2/5] Resolving packages...
success Already up-to-date.
Done in 0.53s.
yarn run v1.22.5
$ rollup -c 

src/index.js → dist/index.js, dist/index.modern.js...
created dist/index.js, dist/index.modern.js in 1.5s
Done in 1.95s.
yarn install v1.22.5
[1/5] Validating package.json...
[2/5] Resolving packages...
[3/5] Fetching packages...
info fsevents@1.2.13: The platform "linux" is incompatible with this module.
info "fsevents@1.2.13" is an optional dependency and failed compatibility check. Excluding it from installation.
info fsevents@2.3.2: The platform "linux" is incompatible with this module.
info "fsevents@2.3.2" is an optional dependency and failed compatibility check. Excluding it from installation.
[4/5] Linking dependencies...
[5/5] Building fresh packages...
Done in 13.12s.
yarn run v1.22.5
$ rollup -c 

src/index.js → dist/index.js, dist/index.modern.js...
(!) Unused external imports
useRef imported from external module 'react' but never used
created dist/index.js, dist/index.modern.js in 1.4s
Done in 1.76s.
yarn install v1.22.5
[1/5] Validating package.json...
[2/5] Resolving packages...
[3/5] Fetching packages...
info fsevents@1.2.13: The platform "linux" is incompatible with this module.
info "fsevents@1.2.13" is an optional dependency and failed compatibility check. Excluding it from installation.
info fsevents@2.3.2: The platform "linux" is incompatible with this module.
info "fsevents@2.3.2" is an optional dependency and failed compatibility check. Excluding it from installation.
[4/5] Linking dependencies...
[5/5] Building fresh packages...
Done in 13.13s.
yarn run v1.22.5
$ rollup -c 

src/index.js → dist/index.js, dist/index.modern.js...
(!) Unused external imports
useRef imported from external module 'react' but never used
created dist/index.js, dist/index.modern.js in 1.4s
Done in 1.82s.
yarn install v1.22.10
[1/5] Validating package.json...
[2/5] Resolving packages...
[3/5] Fetching packages...
info fsevents@1.2.13: The platform "linux" is incompatible with this module.
info "fsevents@1.2.13" is an optional dependency and failed compatibility check. Excluding it from installation.
info fsevents@2.3.2: The platform "linux" is incompatible with this module.
info "fsevents@2.3.2" is an optional dependency and failed compatibility check. Excluding it from installation.
[4/5] Linking dependencies...
[5/5] Building fresh packages...
Done in 7.41s.
yarn run v1.22.10
$ rollup -c 

src/index.js → dist/index.js, dist/index.modern.js...
created dist/index.js, dist/index.modern.js in 1.8s
Done in 2.21s.
yarn install v1.22.10
[1/5] Validating package.json...
[2/5] Resolving packages...
[3/5] Fetching packages...
info fsevents@1.2.13: The platform "linux" is incompatible with this module.
info "fsevents@1.2.13" is an optional dependency and failed compatibility check. Excluding it from installation.
info fsevents@2.3.2: The platform "linux" is incompatible with this module.
info "fsevents@2.3.2" is an optional dependency and failed compatibility check. Excluding it from installation.
[4/5] Linking dependencies...
[5/5] Building fresh packages...
Done in 7.59s.
yarn run v1.22.10
$ rollup -c 

src/index.js → dist/index.js, dist/index.modern.js...
created dist/index.js, dist/index.modern.js in 1.9s
Done in 2.36s.
yarn install v1.22.10
[1/5] Validating package.json...
[2/5] Resolving packages...
[3/5] Fetching packages...
info fsevents@1.2.13: The platform "linux" is incompatible with this module.
info "fsevents@1.2.13" is an optional dependency and failed compatibility check. Excluding it from installation.
info fsevents@2.3.2: The platform "linux" is incompatible with this module.
info "fsevents@2.3.2" is an optional dependency and failed compatibility check. Excluding it from installation.
[4/5] Linking dependencies...
[5/5] Building fresh packages...
Done in 6.81s.
yarn run v1.22.10
$ rollup -c 

src/index.js → dist/index.js, dist/index.modern.js...
created dist/index.js, dist/index.modern.js in 1.8s
Done in 2.21s.
yarn install v1.22.10
[1/5] Validating package.json...
[2/5] Resolving packages...
[3/5] Fetching packages...
info fsevents@1.2.13: The platform "linux" is incompatible with this module.
info "fsevents@1.2.13" is an optional dependency and failed compatibility check. Excluding it from installation.
info fsevents@2.3.2: The platform "linux" is incompatible with this module.
info "fsevents@2.3.2" is an optional dependency and failed compatibility check. Excluding it from installation.
[4/5] Linking dependencies...
[5/5] Building fresh packages...
Done in 7.45s.
yarn run v1.22.10
$ rollup -c 

src/index.js → dist/index.js, dist/index.modern.js...
created dist/index.js, dist/index.modern.js in 1.8s
Done in 2.20s.
yarn install v1.22.10
[1/5] Validating package.json...
[2/5] Resolving packages...
[3/5] Fetching packages...
info fsevents@1.2.13: The platform "linux" is incompatible with this module.
info "fsevents@1.2.13" is an optional dependency and failed compatibility check. Excluding it from installation.
info fsevents@2.3.2: The platform "linux" is incompatible with this module.
info "fsevents@2.3.2" is an optional dependency and failed compatibility check. Excluding it from installation.
[4/5] Linking dependencies...
[5/5] Building fresh packages...
Done in 7.42s.
yarn run v1.22.10
$ rollup -c 

src/index.js → dist/index.js, dist/index.modern.js...
created dist/index.js, dist/index.modern.js in 1.8s
Done in 2.23s.
yarn install v1.22.5
[1/5] Validating package.json...
[2/5] Resolving packages...
[3/5] Fetching packages...
info fsevents@1.2.13: The platform "linux" is incompatible with this module.
info "fsevents@1.2.13" is an optional dependency and failed compatibility check. Excluding it from installation.
info fsevents@2.3.2: The platform "linux" is incompatible with this module.
info "fsevents@2.3.2" is an optional dependency and failed compatibility check. Excluding it from installation.
[4/5] Linking dependencies...
[5/5] Building fresh packages...
Done in 12.71s.
yarn run v1.22.5
$ rollup -c 

src/index.js → dist/index.js, dist/index.modern.js...
created dist/index.js, dist/index.modern.js in 1.4s
Done in 1.73s.
yarn install v1.22.10
[1/5] Validating package.json...
[2/5] Resolving packages...
[3/5] Fetching packages...
info fsevents@1.2.13: The platform "linux" is incompatible with this module.
info "fsevents@1.2.13" is an optional dependency and failed compatibility check. Excluding it from installation.
info fsevents@2.3.2: The platform "linux" is incompatible with this module.
info "fsevents@2.3.2" is an optional dependency and failed compatibility check. Excluding it from installation.
[4/5] Linking dependencies...
[5/5] Building fresh packages...
Done in 6.86s.
yarn run v1.22.10
$ rollup -c 

src/index.js → dist/index.js, dist/index.modern.js...
created dist/index.js, dist/index.modern.js in 1.8s
Done in 2.19s.
yarn install v1.22.5
[1/5] Validating package.json...
[2/5] Resolving packages...
[3/5] Fetching packages...
info fsevents@1.2.13: The platform "linux" is incompatible with this module.
info "fsevents@1.2.13" is an optional dependency and failed compatibility check. Excluding it from installation.
info fsevents@2.3.2: The platform "linux" is incompatible with this module.
info "fsevents@2.3.2" is an optional dependency and failed compatibility check. Excluding it from installation.
[4/5] Linking dependencies...
[5/5] Building fresh packages...
Done in 14.95s.
yarn run v1.22.5
$ rollup -c 

src/index.js → dist/index.js, dist/index.modern.js...
created dist/index.js, dist/index.modern.js in 1.7s
Done in 2.19s.
yarn install v1.22.5
[1/5] Validating package.json...
[2/5] Resolving packages...
[3/5] Fetching packages...
info fsevents@1.2.13: The platform "linux" is incompatible with this module.
info "fsevents@1.2.13" is an optional dependency and failed compatibility check. Excluding it from installation.
info fsevents@2.3.2: The platform "linux" is incompatible with this module.
info "fsevents@2.3.2" is an optional dependency and failed compatibility check. Excluding it from installation.
[4/5] Linking dependencies...
[5/5] Building fresh packages...
Done in 15.00s.
yarn run v1.22.5
$ rollup -c 

src/index.js → dist/index.js, dist/index.modern.js...
[!] Error: Could not resolve './components/Canvas' from src/index.js
Error: Could not resolve './components/Canvas' from src/index.js
    at error (/mnt/c/Users/Gustavo Roque/SIS-AEB-FRONTEND/packages/misc/node_modules/rollup/dist/shared/rollup.js:7917:30)
    at ModuleLoader.handleResolveId (/mnt/c/Users/Gustavo Roque/SIS-AEB-FRONTEND/packages/misc/node_modules/rollup/dist/shared/rollup.js:19602:24)
    at /mnt/c/Users/Gustavo Roque/SIS-AEB-FRONTEND/packages/misc/node_modules/rollup/dist/shared/rollup.js:19551:22
    at async Promise.all (index 2)
    at ModuleLoader.fetchStaticDependencies (/mnt/c/Users/Gustavo Roque/SIS-AEB-FRONTEND/packages/misc/node_modules/rollup/dist/shared/rollup.js:19549:34)
    at async Promise.all (index 0)
    at ModuleLoader.fetchModule (/mnt/c/Users/Gustavo Roque/SIS-AEB-FRONTEND/packages/misc/node_modules/rollup/dist/shared/rollup.js:19525:9)
    at async Promise.all (index 0)

error Command failed with exit code 1.
info Visit https://yarnpkg.com/en/docs/cli/run for documentation about this command.
yarn install v1.22.5
[1/5] Validating package.json...
[2/5] Resolving packages...
[3/5] Fetching packages...
info fsevents@1.2.13: The platform "linux" is incompatible with this module.
info "fsevents@1.2.13" is an optional dependency and failed compatibility check. Excluding it from installation.
info fsevents@2.3.2: The platform "linux" is incompatible with this module.
info "fsevents@2.3.2" is an optional dependency and failed compatibility check. Excluding it from installation.
[4/5] Linking dependencies...
[5/5] Building fresh packages...
Done in 15.87s.
yarn run v1.22.5
$ rollup -c 

src/index.js → dist/index.js, dist/index.modern.js...
created dist/index.js, dist/index.modern.js in 1.5s
Done in 2.06s.
yarn install v1.22.10
[1/5] Validating package.json...
[2/5] Resolving packages...
[3/5] Fetching packages...
info fsevents@1.2.13: The platform "linux" is incompatible with this module.
info "fsevents@1.2.13" is an optional dependency and failed compatibility check. Excluding it from installation.
info fsevents@2.3.2: The platform "linux" is incompatible with this module.
info "fsevents@2.3.2" is an optional dependency and failed compatibility check. Excluding it from installation.
[4/5] Linking dependencies...
[5/5] Building fresh packages...
Done in 6.59s.
yarn run v1.22.10
$ rollup -c 

src/index.js → dist/index.js, dist/index.modern.js...
created dist/index.js, dist/index.modern.js in 1.6s
Done in 2.06s.
yarn install v1.22.10
[1/5] Validating package.json...
[2/5] Resolving packages...
[3/5] Fetching packages...
info fsevents@1.2.13: The platform "linux" is incompatible with this module.
info "fsevents@1.2.13" is an optional dependency and failed compatibility check. Excluding it from installation.
info fsevents@2.3.2: The platform "linux" is incompatible with this module.
info "fsevents@2.3.2" is an optional dependency and failed compatibility check. Excluding it from installation.
[4/5] Linking dependencies...
[5/5] Building fresh packages...
Done in 7.66s.
yarn run v1.22.10
$ rollup -c 

src/index.js → dist/index.js, dist/index.modern.js...
created dist/index.js, dist/index.modern.js in 1.6s
Done in 2.02s.
yarn install v1.22.10
[1/5] Validating package.json...
[2/5] Resolving packages...
[3/5] Fetching packages...
info fsevents@1.2.13: The platform "linux" is incompatible with this module.
info "fsevents@1.2.13" is an optional dependency and failed compatibility check. Excluding it from installation.
info fsevents@2.3.2: The platform "linux" is incompatible with this module.
info "fsevents@2.3.2" is an optional dependency and failed compatibility check. Excluding it from installation.
[4/5] Linking dependencies...
[5/5] Building fresh packages...
Done in 7.27s.
yarn run v1.22.10
$ rollup -c 

src/index.js → dist/index.js, dist/index.modern.js...
created dist/index.js, dist/index.modern.js in 1.6s
Done in 2.02s.
