yarn install v1.22.5
[1/5] Validating package.json...
[2/5] Resolving packages...
[3/5] Fetching packages...
info fsevents@1.2.13: The platform "linux" is incompatible with this module.
info "fsevents@1.2.13" is an optional dependency and failed compatibility check. Excluding it from installation.
info fsevents@2.3.2: The platform "linux" is incompatible with this module.
info "fsevents@2.3.2" is an optional dependency and failed compatibility check. Excluding it from installation.
[4/5] Linking dependencies...
[5/5] Building fresh packages...
Done in 15.69s.
yarn run v1.22.5
$ rollup -c 

src/index.js → dist/index.js, dist/index.modern.js...
created dist/index.js, dist/index.modern.js in 3s
Done in 4.64s.
yarn install v1.22.5
[1/5] Validating package.json...
[2/5] Resolving packages...
[3/5] Fetching packages...
info fsevents@1.2.13: The platform "linux" is incompatible with this module.
info "fsevents@1.2.13" is an optional dependency and failed compatibility check. Excluding it from installation.
info fsevents@2.3.2: The platform "linux" is incompatible with this module.
info "fsevents@2.3.2" is an optional dependency and failed compatibility check. Excluding it from installation.
[4/5] Linking dependencies...
[5/5] Building fresh packages...
Done in 14.96s.
yarn run v1.22.5
$ rollup -c 

src/index.js → dist/index.js, dist/index.modern.js...
created dist/index.js, dist/index.modern.js in 3s
Done in 4.68s.
yarn install v1.22.5
[1/5] Validating package.json...
[2/5] Resolving packages...
success Already up-to-date.
Done in 0.47s.
yarn run v1.22.5
$ rollup -c 

src/index.js → dist/index.js, dist/index.modern.js...
created dist/index.js, dist/index.modern.js in 3s
Done in 4.87s.
yarn install v1.22.5
[1/5] Validating package.json...
[2/5] Resolving packages...
success Already up-to-date.
Done in 0.45s.
yarn run v1.22.5
$ rollup -c 

src/index.js → dist/index.js, dist/index.modern.js...
created dist/index.js, dist/index.modern.js in 1s
Done in 1.36s.
yarn install v1.22.5
[1/5] Validating package.json...
[2/5] Resolving packages...
success Already up-to-date.
Done in 0.61s.
yarn run v1.22.5
$ rollup -c 

src/index.js → dist/index.js, dist/index.modern.js...
created dist/index.js, dist/index.modern.js in 1.5s
Done in 1.95s.
yarn install v1.22.5
[1/5] Validating package.json...
[2/5] Resolving packages...
[3/5] Fetching packages...
info fsevents@1.2.13: The platform "linux" is incompatible with this module.
info "fsevents@1.2.13" is an optional dependency and failed compatibility check. Excluding it from installation.
info fsevents@2.3.2: The platform "linux" is incompatible with this module.
info "fsevents@2.3.2" is an optional dependency and failed compatibility check. Excluding it from installation.
[4/5] Linking dependencies...
[5/5] Building fresh packages...
Done in 15.80s.
yarn run v1.22.5
$ rollup -c 

src/index.js → dist/index.js, dist/index.modern.js...
created dist/index.js, dist/index.modern.js in 3s
Done in 4.79s.
yarn install v1.22.5
[1/5] Validating package.json...
[2/5] Resolving packages...
success Already up-to-date.
Done in 0.43s.
yarn run v1.22.5
$ rollup -c 

src/index.js → dist/index.js, dist/index.modern.js...
created dist/index.js, dist/index.modern.js in 1.1s
Done in 1.45s.
yarn install v1.22.5
[1/5] Validating package.json...
[2/5] Resolving packages...
[3/5] Fetching packages...
info fsevents@1.2.13: The platform "linux" is incompatible with this module.
info "fsevents@1.2.13" is an optional dependency and failed compatibility check. Excluding it from installation.
info fsevents@2.3.2: The platform "linux" is incompatible with this module.
info "fsevents@2.3.2" is an optional dependency and failed compatibility check. Excluding it from installation.
[4/5] Linking dependencies...
[5/5] Building fresh packages...
Done in 15.04s.
yarn run v1.22.5
$ rollup -c 

src/index.js → dist/index.js, dist/index.modern.js...
created dist/index.js, dist/index.modern.js in 3.1s
Done in 4.90s.
yarn install v1.22.5
[1/5] Validating package.json...
[2/5] Resolving packages...
success Already up-to-date.
Done in 0.45s.
yarn run v1.22.5
$ rollup -c 

src/index.js → dist/index.js, dist/index.modern.js...
created dist/index.js, dist/index.modern.js in 1.1s
Done in 1.44s.
yarn install v1.22.5
[1/5] Validating package.json...
[2/5] Resolving packages...
[3/5] Fetching packages...
info fsevents@1.2.13: The platform "linux" is incompatible with this module.
info "fsevents@1.2.13" is an optional dependency and failed compatibility check. Excluding it from installation.
info fsevents@2.3.2: The platform "linux" is incompatible with this module.
info "fsevents@2.3.2" is an optional dependency and failed compatibility check. Excluding it from installation.
[4/5] Linking dependencies...
[5/5] Building fresh packages...
Done in 12.14s.
yarn run v1.22.5
$ rollup -c 

src/index.js → dist/index.js, dist/index.modern.js...
created dist/index.js, dist/index.modern.js in 1s
Done in 1.42s.
yarn install v1.22.10
[1/5] Validating package.json...
[2/5] Resolving packages...
[3/5] Fetching packages...
info fsevents@1.2.13: The platform "linux" is incompatible with this module.
info "fsevents@1.2.13" is an optional dependency and failed compatibility check. Excluding it from installation.
info fsevents@2.3.2: The platform "linux" is incompatible with this module.
info "fsevents@2.3.2" is an optional dependency and failed compatibility check. Excluding it from installation.
[4/5] Linking dependencies...
[5/5] Building fresh packages...
Done in 6.58s.
yarn run v1.22.10
$ rollup -c 

src/index.js → dist/index.js, dist/index.modern.js...
created dist/index.js, dist/index.modern.js in 1.4s
Done in 1.82s.
yarn install v1.22.10
[1/5] Validating package.json...
[2/5] Resolving packages...
[3/5] Fetching packages...
info fsevents@1.2.13: The platform "linux" is incompatible with this module.
info "fsevents@1.2.13" is an optional dependency and failed compatibility check. Excluding it from installation.
info fsevents@2.3.2: The platform "linux" is incompatible with this module.
info "fsevents@2.3.2" is an optional dependency and failed compatibility check. Excluding it from installation.
[4/5] Linking dependencies...
[5/5] Building fresh packages...
Done in 6.95s.
yarn run v1.22.10
$ rollup -c 

src/index.js → dist/index.js, dist/index.modern.js...
created dist/index.js, dist/index.modern.js in 1.4s
Done in 1.89s.
yarn install v1.22.5
[1/5] Validating package.json...
[2/5] Resolving packages...
[3/5] Fetching packages...
info fsevents@1.2.13: The platform "linux" is incompatible with this module.
info "fsevents@1.2.13" is an optional dependency and failed compatibility check. Excluding it from installation.
info fsevents@2.3.2: The platform "linux" is incompatible with this module.
info "fsevents@2.3.2" is an optional dependency and failed compatibility check. Excluding it from installation.
[4/5] Linking dependencies...
[5/5] Building fresh packages...
Done in 13.63s.
yarn run v1.22.5
$ rollup -c 

src/index.js → dist/index.js, dist/index.modern.js...
created dist/index.js, dist/index.modern.js in 1.1s
Done in 1.47s.
yarn install v1.22.5
[1/5] Validating package.json...
[2/5] Resolving packages...
success Already up-to-date.
Done in 0.57s.
yarn run v1.22.5
$ rollup -c 

src/index.js → dist/index.js, dist/index.modern.js...
created dist/index.js, dist/index.modern.js in 1.2s
Done in 1.67s.
yarn install v1.22.5
[1/5] Validating package.json...
[2/5] Resolving packages...
success Already up-to-date.
Done in 0.54s.
yarn run v1.22.5
$ rollup -c 

src/index.js → dist/index.js, dist/index.modern.js...
created dist/index.js, dist/index.modern.js in 1.3s
Done in 1.72s.
yarn install v1.22.5
[1/5] Validating package.json...
[2/5] Resolving packages...
[3/5] Fetching packages...
info fsevents@1.2.13: The platform "linux" is incompatible with this module.
info "fsevents@1.2.13" is an optional dependency and failed compatibility check. Excluding it from installation.
info fsevents@2.3.2: The platform "linux" is incompatible with this module.
info "fsevents@2.3.2" is an optional dependency and failed compatibility check. Excluding it from installation.
[4/5] Linking dependencies...
[5/5] Building fresh packages...
Done in 13.41s.
yarn run v1.22.5
$ rollup -c 

src/index.js → dist/index.js, dist/index.modern.js...
created dist/index.js, dist/index.modern.js in 1.1s
Done in 1.54s.
yarn install v1.22.5
[1/5] Validating package.json...
[2/5] Resolving packages...
[3/5] Fetching packages...
info fsevents@1.2.13: The platform "linux" is incompatible with this module.
info "fsevents@1.2.13" is an optional dependency and failed compatibility check. Excluding it from installation.
info fsevents@2.3.2: The platform "linux" is incompatible with this module.
info "fsevents@2.3.2" is an optional dependency and failed compatibility check. Excluding it from installation.
[4/5] Linking dependencies...
[5/5] Building fresh packages...
Done in 12.56s.
yarn run v1.22.5
$ rollup -c 

src/index.js → dist/index.js, dist/index.modern.js...
created dist/index.js, dist/index.modern.js in 1.1s
Done in 1.51s.
yarn install v1.22.10
[1/5] Validating package.json...
[2/5] Resolving packages...
[3/5] Fetching packages...
info fsevents@1.2.13: The platform "linux" is incompatible with this module.
info "fsevents@1.2.13" is an optional dependency and failed compatibility check. Excluding it from installation.
info fsevents@2.3.2: The platform "linux" is incompatible with this module.
info "fsevents@2.3.2" is an optional dependency and failed compatibility check. Excluding it from installation.
[4/5] Linking dependencies...
[5/5] Building fresh packages...
Done in 7.54s.
yarn run v1.22.10
$ rollup -c 

src/index.js → dist/index.js, dist/index.modern.js...
created dist/index.js, dist/index.modern.js in 1.5s
Done in 1.94s.
yarn install v1.22.10
[1/5] Validating package.json...
[2/5] Resolving packages...
[3/5] Fetching packages...
info fsevents@1.2.13: The platform "linux" is incompatible with this module.
info "fsevents@1.2.13" is an optional dependency and failed compatibility check. Excluding it from installation.
info fsevents@2.3.2: The platform "linux" is incompatible with this module.
info "fsevents@2.3.2" is an optional dependency and failed compatibility check. Excluding it from installation.
[4/5] Linking dependencies...
[5/5] Building fresh packages...
Done in 6.60s.
yarn run v1.22.10
$ rollup -c 

src/index.js → dist/index.js, dist/index.modern.js...
created dist/index.js, dist/index.modern.js in 1.4s
Done in 1.86s.
yarn install v1.22.10
[1/5] Validating package.json...
[2/5] Resolving packages...
[3/5] Fetching packages...
info fsevents@1.2.13: The platform "linux" is incompatible with this module.
info "fsevents@1.2.13" is an optional dependency and failed compatibility check. Excluding it from installation.
info fsevents@2.3.2: The platform "linux" is incompatible with this module.
info "fsevents@2.3.2" is an optional dependency and failed compatibility check. Excluding it from installation.
[4/5] Linking dependencies...
[5/5] Building fresh packages...
Done in 6.50s.
yarn run v1.22.10
$ rollup -c 

src/index.js → dist/index.js, dist/index.modern.js...
created dist/index.js, dist/index.modern.js in 1.4s
Done in 1.86s.
yarn install v1.22.10
[1/5] Validating package.json...
[2/5] Resolving packages...
[3/5] Fetching packages...
info fsevents@1.2.13: The platform "linux" is incompatible with this module.
info "fsevents@1.2.13" is an optional dependency and failed compatibility check. Excluding it from installation.
info fsevents@2.3.2: The platform "linux" is incompatible with this module.
info "fsevents@2.3.2" is an optional dependency and failed compatibility check. Excluding it from installation.
[4/5] Linking dependencies...
[5/5] Building fresh packages...
Done in 6.50s.
yarn run v1.22.10
$ rollup -c 

src/index.js → dist/index.js, dist/index.modern.js...
created dist/index.js, dist/index.modern.js in 1.5s
Done in 1.93s.
yarn install v1.22.10
[1/5] Validating package.json...
[2/5] Resolving packages...
[3/5] Fetching packages...
info fsevents@1.2.13: The platform "linux" is incompatible with this module.
info "fsevents@1.2.13" is an optional dependency and failed compatibility check. Excluding it from installation.
info fsevents@2.3.2: The platform "linux" is incompatible with this module.
info "fsevents@2.3.2" is an optional dependency and failed compatibility check. Excluding it from installation.
[4/5] Linking dependencies...
[5/5] Building fresh packages...
Done in 6.64s.
yarn run v1.22.10
$ rollup -c 

src/index.js → dist/index.js, dist/index.modern.js...
created dist/index.js, dist/index.modern.js in 1.4s
Done in 1.87s.
yarn install v1.22.5
[1/5] Validating package.json...
[2/5] Resolving packages...
[3/5] Fetching packages...
info fsevents@1.2.13: The platform "linux" is incompatible with this module.
info "fsevents@1.2.13" is an optional dependency and failed compatibility check. Excluding it from installation.
info fsevents@2.3.2: The platform "linux" is incompatible with this module.
info "fsevents@2.3.2" is an optional dependency and failed compatibility check. Excluding it from installation.
[4/5] Linking dependencies...
[5/5] Building fresh packages...
Done in 12.11s.
yarn run v1.22.5
$ rollup -c 

src/index.js → dist/index.js, dist/index.modern.js...
created dist/index.js, dist/index.modern.js in 1.1s
Done in 1.50s.
yarn install v1.22.10
[1/5] Validating package.json...
[2/5] Resolving packages...
[3/5] Fetching packages...
info fsevents@1.2.13: The platform "linux" is incompatible with this module.
info "fsevents@1.2.13" is an optional dependency and failed compatibility check. Excluding it from installation.
info fsevents@2.3.2: The platform "linux" is incompatible with this module.
info "fsevents@2.3.2" is an optional dependency and failed compatibility check. Excluding it from installation.
[4/5] Linking dependencies...
[5/5] Building fresh packages...
Done in 8.16s.
yarn run v1.22.10
$ rollup -c 

src/index.js → dist/index.js, dist/index.modern.js...
created dist/index.js, dist/index.modern.js in 1.4s
Done in 1.85s.
yarn install v1.22.5
[1/5] Validating package.json...
[2/5] Resolving packages...
[3/5] Fetching packages...
info fsevents@1.2.13: The platform "linux" is incompatible with this module.
info "fsevents@1.2.13" is an optional dependency and failed compatibility check. Excluding it from installation.
info fsevents@2.3.2: The platform "linux" is incompatible with this module.
info "fsevents@2.3.2" is an optional dependency and failed compatibility check. Excluding it from installation.
[4/5] Linking dependencies...
[5/5] Building fresh packages...
Done in 15.39s.
yarn run v1.22.5
$ rollup -c 

src/index.js → dist/index.js, dist/index.modern.js...
created dist/index.js, dist/index.modern.js in 1.5s
Done in 1.98s.
yarn install v1.22.5
[1/5] Validating package.json...
[2/5] Resolving packages...
[3/5] Fetching packages...
info fsevents@1.2.13: The platform "linux" is incompatible with this module.
info "fsevents@1.2.13" is an optional dependency and failed compatibility check. Excluding it from installation.
info fsevents@2.3.2: The platform "linux" is incompatible with this module.
info "fsevents@2.3.2" is an optional dependency and failed compatibility check. Excluding it from installation.
[4/5] Linking dependencies...
[5/5] Building fresh packages...
Done in 14.84s.
yarn run v1.22.5
$ rollup -c 

src/index.js → dist/index.js, dist/index.modern.js...
created dist/index.js, dist/index.modern.js in 1.5s
Done in 2.11s.
yarn install v1.22.5
[1/5] Validating package.json...
[2/5] Resolving packages...
[3/5] Fetching packages...
info fsevents@1.2.13: The platform "linux" is incompatible with this module.
info "fsevents@1.2.13" is an optional dependency and failed compatibility check. Excluding it from installation.
info fsevents@2.3.2: The platform "linux" is incompatible with this module.
info "fsevents@2.3.2" is an optional dependency and failed compatibility check. Excluding it from installation.
[4/5] Linking dependencies...
[5/5] Building fresh packages...
Done in 15.98s.
yarn run v1.22.5
$ rollup -c 

src/index.js → dist/index.js, dist/index.modern.js...
created dist/index.js, dist/index.modern.js in 1.5s
Done in 2.08s.
yarn install v1.22.10
[1/5] Validating package.json...
[2/5] Resolving packages...
[3/5] Fetching packages...
info fsevents@1.2.13: The platform "linux" is incompatible with this module.
info "fsevents@1.2.13" is an optional dependency and failed compatibility check. Excluding it from installation.
info fsevents@2.3.2: The platform "linux" is incompatible with this module.
info "fsevents@2.3.2" is an optional dependency and failed compatibility check. Excluding it from installation.
[4/5] Linking dependencies...
[5/5] Building fresh packages...
Done in 6.62s.
yarn run v1.22.10
$ rollup -c 

src/index.js → dist/index.js, dist/index.modern.js...
created dist/index.js, dist/index.modern.js in 1.5s
Done in 1.95s.
yarn install v1.22.10
[1/5] Validating package.json...
[2/5] Resolving packages...
[3/5] Fetching packages...
info fsevents@1.2.13: The platform "linux" is incompatible with this module.
info "fsevents@1.2.13" is an optional dependency and failed compatibility check. Excluding it from installation.
info fsevents@2.3.2: The platform "linux" is incompatible with this module.
info "fsevents@2.3.2" is an optional dependency and failed compatibility check. Excluding it from installation.
[4/5] Linking dependencies...
[5/5] Building fresh packages...
Done in 6.63s.
yarn run v1.22.10
$ rollup -c 

src/index.js → dist/index.js, dist/index.modern.js...
created dist/index.js, dist/index.modern.js in 1.5s
Done in 1.90s.
yarn install v1.22.10
[1/5] Validating package.json...
[2/5] Resolving packages...
[3/5] Fetching packages...
info fsevents@1.2.13: The platform "linux" is incompatible with this module.
info "fsevents@1.2.13" is an optional dependency and failed compatibility check. Excluding it from installation.
info fsevents@2.3.2: The platform "linux" is incompatible with this module.
info "fsevents@2.3.2" is an optional dependency and failed compatibility check. Excluding it from installation.
[4/5] Linking dependencies...
[5/5] Building fresh packages...
Done in 6.84s.
yarn run v1.22.10
$ rollup -c 

src/index.js → dist/index.js, dist/index.modern.js...
created dist/index.js, dist/index.modern.js in 1.5s
Done in 1.96s.
yarn install v1.22.5
[1/5] Validating package.json...
[2/5] Resolving packages...
[3/5] Fetching packages...
info fsevents@1.2.13: The platform "linux" is incompatible with this module.
info "fsevents@1.2.13" is an optional dependency and failed compatibility check. Excluding it from installation.
info fsevents@2.3.2: The platform "linux" is incompatible with this module.
info "fsevents@2.3.2" is an optional dependency and failed compatibility check. Excluding it from installation.
[4/5] Linking dependencies...
[5/5] Building fresh packages...
Done in 15.11s.
yarn run v1.22.5
$ rollup -c 

src/index.js → dist/index.js, dist/index.modern.js...
created dist/index.js, dist/index.modern.js in 1.7s
Done in 2.20s.
yarn install v1.22.10
[1/5] Validating package.json...
[2/5] Resolving packages...
[3/5] Fetching packages...
info fsevents@1.2.13: The platform "linux" is incompatible with this module.
info "fsevents@1.2.13" is an optional dependency and failed compatibility check. Excluding it from installation.
info fsevents@2.3.2: The platform "linux" is incompatible with this module.
info "fsevents@2.3.2" is an optional dependency and failed compatibility check. Excluding it from installation.
[4/5] Linking dependencies...
[5/5] Building fresh packages...
Done in 7.28s.
yarn run v1.22.10
$ rollup -c 

src/index.js → dist/index.js, dist/index.modern.js...
created dist/index.js, dist/index.modern.js in 1.6s
Done in 2.09s.
yarn install v1.22.10
[1/5] Validating package.json...
[2/5] Resolving packages...
[3/5] Fetching packages...
info fsevents@1.2.13: The platform "linux" is incompatible with this module.
info "fsevents@1.2.13" is an optional dependency and failed compatibility check. Excluding it from installation.
info fsevents@2.3.2: The platform "linux" is incompatible with this module.
info "fsevents@2.3.2" is an optional dependency and failed compatibility check. Excluding it from installation.
[4/5] Linking dependencies...
[5/5] Building fresh packages...
Done in 6.49s.
yarn run v1.22.10
$ rollup -c 

src/index.js → dist/index.js, dist/index.modern.js...
created dist/index.js, dist/index.modern.js in 1.5s
Done in 1.91s.
yarn install v1.22.10
[1/5] Validating package.json...
[2/5] Resolving packages...
[3/5] Fetching packages...
info fsevents@1.2.13: The platform "linux" is incompatible with this module.
info "fsevents@1.2.13" is an optional dependency and failed compatibility check. Excluding it from installation.
info fsevents@2.3.2: The platform "linux" is incompatible with this module.
info "fsevents@2.3.2" is an optional dependency and failed compatibility check. Excluding it from installation.
[4/5] Linking dependencies...
[5/5] Building fresh packages...
Done in 7.41s.
yarn run v1.22.10
$ rollup -c 

src/index.js → dist/index.js, dist/index.modern.js...
created dist/index.js, dist/index.modern.js in 1.5s
Done in 1.93s.
yarn install v1.22.10
[1/5] Validating package.json...
[2/5] Resolving packages...
[3/5] Fetching packages...
info fsevents@1.2.13: The platform "linux" is incompatible with this module.
info "fsevents@1.2.13" is an optional dependency and failed compatibility check. Excluding it from installation.
info fsevents@2.3.2: The platform "linux" is incompatible with this module.
info "fsevents@2.3.2" is an optional dependency and failed compatibility check. Excluding it from installation.
[4/5] Linking dependencies...
[5/5] Building fresh packages...
Done in 6.67s.
yarn run v1.22.10
$ rollup -c 

src/index.js → dist/index.js, dist/index.modern.js...
created dist/index.js, dist/index.modern.js in 1.5s
Done in 1.93s.
yarn install v1.22.10
[1/5] Validating package.json...
[2/5] Resolving packages...
[3/5] Fetching packages...
info fsevents@1.2.13: The platform "linux" is incompatible with this module.
info "fsevents@1.2.13" is an optional dependency and failed compatibility check. Excluding it from installation.
info fsevents@2.3.2: The platform "linux" is incompatible with this module.
info "fsevents@2.3.2" is an optional dependency and failed compatibility check. Excluding it from installation.
[4/5] Linking dependencies...
[5/5] Building fresh packages...
Done in 6.90s.
yarn run v1.22.10
$ rollup -c 

src/index.js → dist/index.js, dist/index.modern.js...
created dist/index.js, dist/index.modern.js in 1.5s
Done in 1.93s.
yarn install v1.22.5
[1/5] Validating package.json...
[2/5] Resolving packages...
[3/5] Fetching packages...
info fsevents@1.2.13: The platform "linux" is incompatible with this module.
info "fsevents@1.2.13" is an optional dependency and failed compatibility check. Excluding it from installation.
info fsevents@2.3.2: The platform "linux" is incompatible with this module.
info "fsevents@2.3.2" is an optional dependency and failed compatibility check. Excluding it from installation.
[4/5] Linking dependencies...
[5/5] Building fresh packages...
Done in 15.18s.
yarn run v1.22.5
$ rollup -c 

src/index.js → dist/index.js, dist/index.modern.js...
created dist/index.js, dist/index.modern.js in 1.6s
Done in 2.15s.
yarn install v1.22.5
[1/5] Validating package.json...
[2/5] Resolving packages...
[3/5] Fetching packages...
info fsevents@1.2.13: The platform "linux" is incompatible with this module.
info "fsevents@1.2.13" is an optional dependency and failed compatibility check. Excluding it from installation.
info fsevents@2.3.2: The platform "linux" is incompatible with this module.
info "fsevents@2.3.2" is an optional dependency and failed compatibility check. Excluding it from installation.
[4/5] Linking dependencies...
[5/5] Building fresh packages...
Done in 15.52s.
yarn run v1.22.5
$ rollup -c 

src/index.js → dist/index.js, dist/index.modern.js...
created dist/index.js, dist/index.modern.js in 1.5s
Done in 2.06s.
yarn install v1.22.5
[1/5] Validating package.json...
[2/5] Resolving packages...
[3/5] Fetching packages...
info fsevents@1.2.13: The platform "linux" is incompatible with this module.
info "fsevents@1.2.13" is an optional dependency and failed compatibility check. Excluding it from installation.
info fsevents@2.3.2: The platform "linux" is incompatible with this module.
info "fsevents@2.3.2" is an optional dependency and failed compatibility check. Excluding it from installation.
[4/5] Linking dependencies...
[5/5] Building fresh packages...
Done in 15.96s.
yarn run v1.22.5
$ rollup -c 

src/index.js → dist/index.js, dist/index.modern.js...
created dist/index.js, dist/index.modern.js in 1.5s
Done in 1.96s.
yarn install v1.22.5
[1/5] Validating package.json...
[2/5] Resolving packages...
[3/5] Fetching packages...
info fsevents@1.2.13: The platform "linux" is incompatible with this module.
info "fsevents@1.2.13" is an optional dependency and failed compatibility check. Excluding it from installation.
info fsevents@2.3.2: The platform "linux" is incompatible with this module.
info "fsevents@2.3.2" is an optional dependency and failed compatibility check. Excluding it from installation.
[4/5] Linking dependencies...
[5/5] Building fresh packages...
Done in 15.69s.
yarn run v1.22.5
$ rollup -c 

src/index.js → dist/index.js, dist/index.modern.js...
created dist/index.js, dist/index.modern.js in 1.5s
Done in 2.00s.
yarn install v1.22.5
[1/5] Validating package.json...
[2/5] Resolving packages...
[3/5] Fetching packages...
info fsevents@1.2.13: The platform "linux" is incompatible with this module.
info "fsevents@1.2.13" is an optional dependency and failed compatibility check. Excluding it from installation.
info fsevents@2.3.2: The platform "linux" is incompatible with this module.
info "fsevents@2.3.2" is an optional dependency and failed compatibility check. Excluding it from installation.
[4/5] Linking dependencies...
[5/5] Building fresh packages...
Done in 15.26s.
yarn run v1.22.5
$ rollup -c 

src/index.js → dist/index.js, dist/index.modern.js...
created dist/index.js, dist/index.modern.js in 1.4s
Done in 1.96s.
yarn install v1.22.5
[1/5] Validating package.json...
[2/5] Resolving packages...
[3/5] Fetching packages...
info fsevents@1.2.13: The platform "linux" is incompatible with this module.
info "fsevents@1.2.13" is an optional dependency and failed compatibility check. Excluding it from installation.
info fsevents@2.3.2: The platform "linux" is incompatible with this module.
info "fsevents@2.3.2" is an optional dependency and failed compatibility check. Excluding it from installation.
[4/5] Linking dependencies...
[5/5] Building fresh packages...
Done in 15.51s.
yarn run v1.22.5
$ rollup -c 

src/index.js → dist/index.js, dist/index.modern.js...
created dist/index.js, dist/index.modern.js in 1.5s
Done in 1.96s.
yarn install v1.22.5
[1/5] Validating package.json...
[2/5] Resolving packages...
[3/5] Fetching packages...
info fsevents@1.2.13: The platform "linux" is incompatible with this module.
info "fsevents@1.2.13" is an optional dependency and failed compatibility check. Excluding it from installation.
info fsevents@2.3.2: The platform "linux" is incompatible with this module.
info "fsevents@2.3.2" is an optional dependency and failed compatibility check. Excluding it from installation.
[4/5] Linking dependencies...
[5/5] Building fresh packages...
Done in 15.44s.
yarn run v1.22.5
$ rollup -c 

src/index.js → dist/index.js, dist/index.modern.js...
created dist/index.js, dist/index.modern.js in 1.6s
Done in 2.09s.
yarn install v1.22.5
[1/5] Validating package.json...
[2/5] Resolving packages...
[3/5] Fetching packages...
info fsevents@1.2.13: The platform "linux" is incompatible with this module.
info "fsevents@1.2.13" is an optional dependency and failed compatibility check. Excluding it from installation.
info fsevents@2.3.2: The platform "linux" is incompatible with this module.
info "fsevents@2.3.2" is an optional dependency and failed compatibility check. Excluding it from installation.
[4/5] Linking dependencies...
[5/5] Building fresh packages...
Done in 15.88s.
yarn run v1.22.5
$ rollup -c 

src/index.js → dist/index.js, dist/index.modern.js...
created dist/index.js, dist/index.modern.js in 1.4s
Done in 1.94s.
yarn install v1.22.10
[1/5] Validating package.json...
[2/5] Resolving packages...
[3/5] Fetching packages...
info fsevents@1.2.13: The platform "linux" is incompatible with this module.
info "fsevents@1.2.13" is an optional dependency and failed compatibility check. Excluding it from installation.
info fsevents@2.3.2: The platform "linux" is incompatible with this module.
info "fsevents@2.3.2" is an optional dependency and failed compatibility check. Excluding it from installation.
[4/5] Linking dependencies...
[5/5] Building fresh packages...
Done in 6.59s.
yarn run v1.22.10
$ rollup -c 

src/index.js → dist/index.js, dist/index.modern.js...
created dist/index.js, dist/index.modern.js in 1.5s
Done in 1.95s.
yarn install v1.22.10
[1/5] Validating package.json...
[2/5] Resolving packages...
[3/5] Fetching packages...
info fsevents@1.2.13: The platform "linux" is incompatible with this module.
info "fsevents@1.2.13" is an optional dependency and failed compatibility check. Excluding it from installation.
info fsevents@2.3.2: The platform "linux" is incompatible with this module.
info "fsevents@2.3.2" is an optional dependency and failed compatibility check. Excluding it from installation.
[4/5] Linking dependencies...
[5/5] Building fresh packages...
Done in 7.90s.
yarn run v1.22.10
$ rollup -c 

src/index.js → dist/index.js, dist/index.modern.js...
created dist/index.js, dist/index.modern.js in 1.5s
Done in 1.90s.
yarn install v1.22.10
[1/5] Validating package.json...
[2/5] Resolving packages...
[3/5] Fetching packages...
info fsevents@1.2.13: The platform "linux" is incompatible with this module.
info "fsevents@1.2.13" is an optional dependency and failed compatibility check. Excluding it from installation.
info fsevents@2.3.2: The platform "linux" is incompatible with this module.
info "fsevents@2.3.2" is an optional dependency and failed compatibility check. Excluding it from installation.
[4/5] Linking dependencies...
[5/5] Building fresh packages...
Done in 6.94s.
yarn run v1.22.10
$ rollup -c 

src/index.js → dist/index.js, dist/index.modern.js...
created dist/index.js, dist/index.modern.js in 1.6s
Done in 2.05s.
yarn install v1.22.5
[1/5] Validating package.json...
[2/5] Resolving packages...
[3/5] Fetching packages...
info fsevents@1.2.13: The platform "linux" is incompatible with this module.
info "fsevents@1.2.13" is an optional dependency and failed compatibility check. Excluding it from installation.
info fsevents@2.3.2: The platform "linux" is incompatible with this module.
info "fsevents@2.3.2" is an optional dependency and failed compatibility check. Excluding it from installation.
[4/5] Linking dependencies...
[5/5] Building fresh packages...
Done in 14.38s.
yarn run v1.22.5
$ rollup -c 

src/index.js → dist/index.js, dist/index.modern.js...
created dist/index.js, dist/index.modern.js in 1.6s
Done in 2.11s.
yarn install v1.22.5
[1/5] Validating package.json...
[2/5] Resolving packages...
[3/5] Fetching packages...
info fsevents@1.2.13: The platform "linux" is incompatible with this module.
info "fsevents@1.2.13" is an optional dependency and failed compatibility check. Excluding it from installation.
info fsevents@2.3.2: The platform "linux" is incompatible with this module.
info "fsevents@2.3.2" is an optional dependency and failed compatibility check. Excluding it from installation.
[4/5] Linking dependencies...
[5/5] Building fresh packages...
Done in 14.23s.
yarn run v1.22.5
$ rollup -c 

src/index.js → dist/index.js, dist/index.modern.js...
created dist/index.js, dist/index.modern.js in 1.4s
Done in 1.93s.
yarn install v1.22.10
[1/5] Validating package.json...
[2/5] Resolving packages...
[3/5] Fetching packages...
info fsevents@1.2.13: The platform "linux" is incompatible with this module.
info "fsevents@1.2.13" is an optional dependency and failed compatibility check. Excluding it from installation.
info fsevents@2.3.2: The platform "linux" is incompatible with this module.
info "fsevents@2.3.2" is an optional dependency and failed compatibility check. Excluding it from installation.
[4/5] Linking dependencies...
[5/5] Building fresh packages...
Done in 7.20s.
yarn run v1.22.10
$ rollup -c 

src/index.js → dist/index.js, dist/index.modern.js...
created dist/index.js, dist/index.modern.js in 1.4s
Done in 1.85s.
yarn install v1.22.10
[1/5] Validating package.json...
[2/5] Resolving packages...
[3/5] Fetching packages...
info fsevents@1.2.13: The platform "linux" is incompatible with this module.
info "fsevents@1.2.13" is an optional dependency and failed compatibility check. Excluding it from installation.
info fsevents@2.3.2: The platform "linux" is incompatible with this module.
info "fsevents@2.3.2" is an optional dependency and failed compatibility check. Excluding it from installation.
[4/5] Linking dependencies...
[5/5] Building fresh packages...
Done in 6.52s.
yarn run v1.22.10
$ rollup -c 

src/index.js → dist/index.js, dist/index.modern.js...
created dist/index.js, dist/index.modern.js in 1.5s
Done in 1.90s.
yarn install v1.22.10
[1/5] Validating package.json...
[2/5] Resolving packages...
[3/5] Fetching packages...
info fsevents@1.2.13: The platform "linux" is incompatible with this module.
info "fsevents@1.2.13" is an optional dependency and failed compatibility check. Excluding it from installation.
info fsevents@2.3.2: The platform "linux" is incompatible with this module.
info "fsevents@2.3.2" is an optional dependency and failed compatibility check. Excluding it from installation.
[4/5] Linking dependencies...
[5/5] Building fresh packages...
Done in 7.35s.
yarn run v1.22.10
$ rollup -c 

src/index.js → dist/index.js, dist/index.modern.js...
created dist/index.js, dist/index.modern.js in 1.5s
Done in 1.93s.
yarn install v1.22.5
[1/5] Validating package.json...
[2/5] Resolving packages...
[3/5] Fetching packages...
info fsevents@1.2.13: The platform "linux" is incompatible with this module.
info "fsevents@1.2.13" is an optional dependency and failed compatibility check. Excluding it from installation.
info fsevents@2.3.2: The platform "linux" is incompatible with this module.
info "fsevents@2.3.2" is an optional dependency and failed compatibility check. Excluding it from installation.
[4/5] Linking dependencies...
[5/5] Building fresh packages...
Done in 14.74s.
yarn run v1.22.5
$ rollup -c 

src/index.js → dist/index.js, dist/index.modern.js...
created dist/index.js, dist/index.modern.js in 1.4s
Done in 1.96s.
yarn install v1.22.5
[1/5] Validating package.json...
[2/5] Resolving packages...
[3/5] Fetching packages...
info fsevents@1.2.13: The platform "linux" is incompatible with this module.
info "fsevents@1.2.13" is an optional dependency and failed compatibility check. Excluding it from installation.
info fsevents@2.3.2: The platform "linux" is incompatible with this module.
info "fsevents@2.3.2" is an optional dependency and failed compatibility check. Excluding it from installation.
[4/5] Linking dependencies...
[5/5] Building fresh packages...
Done in 15.72s.
yarn run v1.22.5
$ rollup -c 

src/index.js → dist/index.js, dist/index.modern.js...
created dist/index.js, dist/index.modern.js in 1.5s
Done in 1.96s.
yarn install v1.22.5
[1/5] Validating package.json...
[2/5] Resolving packages...
[3/5] Fetching packages...
info fsevents@1.2.13: The platform "linux" is incompatible with this module.
info "fsevents@1.2.13" is an optional dependency and failed compatibility check. Excluding it from installation.
info fsevents@2.3.2: The platform "linux" is incompatible with this module.
info "fsevents@2.3.2" is an optional dependency and failed compatibility check. Excluding it from installation.
[4/5] Linking dependencies...
[5/5] Building fresh packages...
Done in 16.23s.
yarn run v1.22.5
$ rollup -c 

src/index.js → dist/index.js, dist/index.modern.js...
created dist/index.js, dist/index.modern.js in 1.5s
Done in 2.04s.
yarn install v1.22.10
[1/5] Validating package.json...
[2/5] Resolving packages...
[3/5] Fetching packages...
info fsevents@1.2.13: The platform "linux" is incompatible with this module.
info "fsevents@1.2.13" is an optional dependency and failed compatibility check. Excluding it from installation.
info fsevents@2.3.2: The platform "linux" is incompatible with this module.
info "fsevents@2.3.2" is an optional dependency and failed compatibility check. Excluding it from installation.
[4/5] Linking dependencies...
[5/5] Building fresh packages...
Done in 7.84s.
yarn run v1.22.10
$ rollup -c 

src/index.js → dist/index.js, dist/index.modern.js...
created dist/index.js, dist/index.modern.js in 1.4s
Done in 1.86s.
yarn install v1.22.10
[1/5] Validating package.json...
[2/5] Resolving packages...
[3/5] Fetching packages...
info fsevents@1.2.13: The platform "linux" is incompatible with this module.
info "fsevents@1.2.13" is an optional dependency and failed compatibility check. Excluding it from installation.
info fsevents@2.3.2: The platform "linux" is incompatible with this module.
info "fsevents@2.3.2" is an optional dependency and failed compatibility check. Excluding it from installation.
[4/5] Linking dependencies...
[5/5] Building fresh packages...
Done in 6.41s.
yarn run v1.22.10
$ rollup -c 

src/index.js → dist/index.js, dist/index.modern.js...
created dist/index.js, dist/index.modern.js in 1.5s
Done in 1.95s.
yarn install v1.22.5
[1/5] Validating package.json...
[2/5] Resolving packages...
[3/5] Fetching packages...
info fsevents@1.2.13: The platform "linux" is incompatible with this module.
info "fsevents@1.2.13" is an optional dependency and failed compatibility check. Excluding it from installation.
info fsevents@2.3.2: The platform "linux" is incompatible with this module.
info "fsevents@2.3.2" is an optional dependency and failed compatibility check. Excluding it from installation.
[4/5] Linking dependencies...
[5/5] Building fresh packages...
Done in 13.73s.
yarn run v1.22.5
$ rollup -c 

src/index.js → dist/index.js, dist/index.modern.js...
created dist/index.js, dist/index.modern.js in 1.4s
Done in 1.99s.
yarn install v1.22.10
[1/5] Validating package.json...
[2/5] Resolving packages...
[3/5] Fetching packages...
info fsevents@1.2.13: The platform "linux" is incompatible with this module.
info "fsevents@1.2.13" is an optional dependency and failed compatibility check. Excluding it from installation.
info fsevents@2.3.2: The platform "linux" is incompatible with this module.
info "fsevents@2.3.2" is an optional dependency and failed compatibility check. Excluding it from installation.
[4/5] Linking dependencies...
[5/5] Building fresh packages...
Done in 6.39s.
yarn run v1.22.10
$ rollup -c 

src/index.js → dist/index.js, dist/index.modern.js...
created dist/index.js, dist/index.modern.js in 1.5s
Done in 1.91s.
yarn install v1.22.10
[1/5] Validating package.json...
[2/5] Resolving packages...
[3/5] Fetching packages...
info fsevents@1.2.13: The platform "linux" is incompatible with this module.
info "fsevents@1.2.13" is an optional dependency and failed compatibility check. Excluding it from installation.
info fsevents@2.3.2: The platform "linux" is incompatible with this module.
info "fsevents@2.3.2" is an optional dependency and failed compatibility check. Excluding it from installation.
[4/5] Linking dependencies...
[5/5] Building fresh packages...
Done in 7.68s.
yarn run v1.22.10
$ rollup -c 

src/index.js → dist/index.js, dist/index.modern.js...
created dist/index.js, dist/index.modern.js in 1.5s
Done in 2.01s.
yarn install v1.22.10
[1/5] Validating package.json...
[2/5] Resolving packages...
[3/5] Fetching packages...
info fsevents@1.2.13: The platform "linux" is incompatible with this module.
info "fsevents@1.2.13" is an optional dependency and failed compatibility check. Excluding it from installation.
info fsevents@2.3.2: The platform "linux" is incompatible with this module.
info "fsevents@2.3.2" is an optional dependency and failed compatibility check. Excluding it from installation.
[4/5] Linking dependencies...
[5/5] Building fresh packages...
Done in 6.50s.
yarn run v1.22.10
$ rollup -c 

src/index.js → dist/index.js, dist/index.modern.js...
created dist/index.js, dist/index.modern.js in 1.5s
Done in 1.94s.
yarn install v1.22.5
[1/5] Validating package.json...
[2/5] Resolving packages...
[3/5] Fetching packages...
info fsevents@1.2.13: The platform "linux" is incompatible with this module.
info "fsevents@1.2.13" is an optional dependency and failed compatibility check. Excluding it from installation.
info fsevents@2.3.2: The platform "linux" is incompatible with this module.
info "fsevents@2.3.2" is an optional dependency and failed compatibility check. Excluding it from installation.
[4/5] Linking dependencies...
[5/5] Building fresh packages...
Done in 14.97s.
yarn run v1.22.5
$ rollup -c 

src/index.js → dist/index.js, dist/index.modern.js...
created dist/index.js, dist/index.modern.js in 1.5s
Done in 1.97s.
yarn install v1.22.10
[1/5] Validating package.json...
[2/5] Resolving packages...
[3/5] Fetching packages...
info fsevents@1.2.13: The platform "linux" is incompatible with this module.
info "fsevents@1.2.13" is an optional dependency and failed compatibility check. Excluding it from installation.
info fsevents@2.3.2: The platform "linux" is incompatible with this module.
info "fsevents@2.3.2" is an optional dependency and failed compatibility check. Excluding it from installation.
[4/5] Linking dependencies...
[5/5] Building fresh packages...
Done in 6.57s.
yarn run v1.22.10
$ rollup -c 

src/index.js → dist/index.js, dist/index.modern.js...
created dist/index.js, dist/index.modern.js in 1.5s
Done in 1.95s.
yarn install v1.22.10
[1/5] Validating package.json...
[2/5] Resolving packages...
[3/5] Fetching packages...
info fsevents@1.2.13: The platform "linux" is incompatible with this module.
info "fsevents@1.2.13" is an optional dependency and failed compatibility check. Excluding it from installation.
info fsevents@2.3.2: The platform "linux" is incompatible with this module.
info "fsevents@2.3.2" is an optional dependency and failed compatibility check. Excluding it from installation.
[4/5] Linking dependencies...
[5/5] Building fresh packages...
Done in 6.93s.
yarn run v1.22.10
$ rollup -c 

src/index.js → dist/index.js, dist/index.modern.js...
created dist/index.js, dist/index.modern.js in 1.5s
Done in 1.92s.
yarn install v1.22.10
[1/5] Validating package.json...
[2/5] Resolving packages...
[3/5] Fetching packages...
info fsevents@1.2.13: The platform "linux" is incompatible with this module.
info "fsevents@1.2.13" is an optional dependency and failed compatibility check. Excluding it from installation.
info fsevents@2.3.2: The platform "linux" is incompatible with this module.
info "fsevents@2.3.2" is an optional dependency and failed compatibility check. Excluding it from installation.
[4/5] Linking dependencies...
[5/5] Building fresh packages...
Done in 8.21s.
yarn run v1.22.10
$ rollup -c 

src/index.js → dist/index.js, dist/index.modern.js...
created dist/index.js, dist/index.modern.js in 1.5s
Done in 1.99s.
yarn install v1.22.5
[1/5] Validating package.json...
[2/5] Resolving packages...
[3/5] Fetching packages...
info fsevents@1.2.13: The platform "linux" is incompatible with this module.
info "fsevents@1.2.13" is an optional dependency and failed compatibility check. Excluding it from installation.
info fsevents@2.3.2: The platform "linux" is incompatible with this module.
info "fsevents@2.3.2" is an optional dependency and failed compatibility check. Excluding it from installation.
[4/5] Linking dependencies...
[5/5] Building fresh packages...
Done in 15.01s.
yarn run v1.22.5
$ rollup -c 

src/index.js → dist/index.js, dist/index.modern.js...
created dist/index.js, dist/index.modern.js in 1.4s
Done in 1.94s.
yarn install v1.22.5
[1/5] Validating package.json...
[2/5] Resolving packages...
[3/5] Fetching packages...
info fsevents@1.2.13: The platform "linux" is incompatible with this module.
info "fsevents@1.2.13" is an optional dependency and failed compatibility check. Excluding it from installation.
info fsevents@2.3.2: The platform "linux" is incompatible with this module.
info "fsevents@2.3.2" is an optional dependency and failed compatibility check. Excluding it from installation.
[4/5] Linking dependencies...
[5/5] Building fresh packages...
Done in 15.53s.
yarn run v1.22.5
$ rollup -c 

src/index.js → dist/index.js, dist/index.modern.js...
created dist/index.js, dist/index.modern.js in 1.5s
Done in 2.06s.
yarn install v1.22.5
[1/5] Validating package.json...
[2/5] Resolving packages...
[3/5] Fetching packages...
info fsevents@1.2.13: The platform "linux" is incompatible with this module.
info "fsevents@1.2.13" is an optional dependency and failed compatibility check. Excluding it from installation.
info fsevents@2.3.2: The platform "linux" is incompatible with this module.
info "fsevents@2.3.2" is an optional dependency and failed compatibility check. Excluding it from installation.
[4/5] Linking dependencies...
[5/5] Building fresh packages...
Done in 14.02s.
yarn run v1.22.5
$ rollup -c 

src/index.js → dist/index.js, dist/index.modern.js...
created dist/index.js, dist/index.modern.js in 1.4s
Done in 1.90s.
yarn install v1.22.5
[1/5] Validating package.json...
[2/5] Resolving packages...
[3/5] Fetching packages...
info fsevents@1.2.13: The platform "linux" is incompatible with this module.
info "fsevents@1.2.13" is an optional dependency and failed compatibility check. Excluding it from installation.
info fsevents@2.3.2: The platform "linux" is incompatible with this module.
info "fsevents@2.3.2" is an optional dependency and failed compatibility check. Excluding it from installation.
[4/5] Linking dependencies...
[5/5] Building fresh packages...
Done in 14.66s.
yarn run v1.22.5
$ rollup -c 

src/index.js → dist/index.js, dist/index.modern.js...
created dist/index.js, dist/index.modern.js in 1.5s
Done in 2.00s.
yarn install v1.22.5
[1/5] Validating package.json...
[2/5] Resolving packages...
[3/5] Fetching packages...
info fsevents@1.2.13: The platform "linux" is incompatible with this module.
info "fsevents@1.2.13" is an optional dependency and failed compatibility check. Excluding it from installation.
info fsevents@2.3.2: The platform "linux" is incompatible with this module.
info "fsevents@2.3.2" is an optional dependency and failed compatibility check. Excluding it from installation.
[4/5] Linking dependencies...
[5/5] Building fresh packages...
Done in 14.55s.
yarn run v1.22.5
$ rollup -c 

src/index.js → dist/index.js, dist/index.modern.js...
created dist/index.js, dist/index.modern.js in 1.5s
Done in 1.96s.
yarn install v1.22.5
[1/5] Validating package.json...
[2/5] Resolving packages...
success Already up-to-date.
Done in 0.47s.
yarn run v1.22.5
$ rollup -c 

src/index.js → dist/index.js, dist/index.modern.js...
created dist/index.js, dist/index.modern.js in 1.6s
Done in 2.15s.
yarn install v1.22.10
[1/5] Validating package.json...
[2/5] Resolving packages...
[3/5] Fetching packages...
info fsevents@1.2.13: The platform "linux" is incompatible with this module.
info "fsevents@1.2.13" is an optional dependency and failed compatibility check. Excluding it from installation.
info fsevents@2.3.2: The platform "linux" is incompatible with this module.
info "fsevents@2.3.2" is an optional dependency and failed compatibility check. Excluding it from installation.
[4/5] Linking dependencies...
[5/5] Building fresh packages...
Done in 7.25s.
yarn run v1.22.10
$ rollup -c 

src/index.js → dist/index.js, dist/index.modern.js...
created dist/index.js, dist/index.modern.js in 1.5s
Done in 1.94s.
yarn install v1.22.5
[1/5] Validating package.json...
[2/5] Resolving packages...
[3/5] Fetching packages...
info fsevents@1.2.13: The platform "linux" is incompatible with this module.
info "fsevents@1.2.13" is an optional dependency and failed compatibility check. Excluding it from installation.
info fsevents@2.3.2: The platform "linux" is incompatible with this module.
info "fsevents@2.3.2" is an optional dependency and failed compatibility check. Excluding it from installation.
[4/5] Linking dependencies...
[5/5] Building fresh packages...
Done in 15.79s.
yarn run v1.22.5
$ rollup -c 

src/index.js → dist/index.js, dist/index.modern.js...
created dist/index.js, dist/index.modern.js in 1.5s
Done in 2.06s.
yarn install v1.22.5
[1/5] Validating package.json...
[2/5] Resolving packages...
[3/5] Fetching packages...
info fsevents@1.2.13: The platform "linux" is incompatible with this module.
info "fsevents@1.2.13" is an optional dependency and failed compatibility check. Excluding it from installation.
info fsevents@2.3.2: The platform "linux" is incompatible with this module.
info "fsevents@2.3.2" is an optional dependency and failed compatibility check. Excluding it from installation.
[4/5] Linking dependencies...
[5/5] Building fresh packages...
Done in 13.68s.
yarn run v1.22.5
$ rollup -c 

src/index.js → dist/index.js, dist/index.modern.js...
created dist/index.js, dist/index.modern.js in 1.4s
Done in 1.93s.
yarn install v1.22.10
[1/5] Validating package.json...
[2/5] Resolving packages...
[3/5] Fetching packages...
info fsevents@1.2.13: The platform "linux" is incompatible with this module.
info "fsevents@1.2.13" is an optional dependency and failed compatibility check. Excluding it from installation.
info fsevents@2.3.2: The platform "linux" is incompatible with this module.
info "fsevents@2.3.2" is an optional dependency and failed compatibility check. Excluding it from installation.
[4/5] Linking dependencies...
[5/5] Building fresh packages...
Done in 7.15s.
yarn run v1.22.10
$ rollup -c 

src/index.js → dist/index.js, dist/index.modern.js...
created dist/index.js, dist/index.modern.js in 1.5s
Done in 1.90s.
yarn install v1.22.5
[1/5] Validating package.json...
[2/5] Resolving packages...
[3/5] Fetching packages...
info fsevents@1.2.13: The platform "linux" is incompatible with this module.
info "fsevents@1.2.13" is an optional dependency and failed compatibility check. Excluding it from installation.
info fsevents@2.3.2: The platform "linux" is incompatible with this module.
info "fsevents@2.3.2" is an optional dependency and failed compatibility check. Excluding it from installation.
[4/5] Linking dependencies...
[5/5] Building fresh packages...
Done in 14.15s.
yarn run v1.22.5
$ rollup -c 

src/index.js → dist/index.js, dist/index.modern.js...
created dist/index.js, dist/index.modern.js in 1.4s
Done in 1.94s.
yarn install v1.22.10
[1/5] Validating package.json...
[2/5] Resolving packages...
[3/5] Fetching packages...
info fsevents@1.2.13: The platform "linux" is incompatible with this module.
info "fsevents@1.2.13" is an optional dependency and failed compatibility check. Excluding it from installation.
info fsevents@2.3.2: The platform "linux" is incompatible with this module.
info "fsevents@2.3.2" is an optional dependency and failed compatibility check. Excluding it from installation.
[4/5] Linking dependencies...
[5/5] Building fresh packages...
Done in 7.05s.
yarn run v1.22.10
$ rollup -c 

src/index.js → dist/index.js, dist/index.modern.js...
created dist/index.js, dist/index.modern.js in 1.6s
Done in 2.05s.
yarn install v1.22.10
[1/5] Validating package.json...
[2/5] Resolving packages...
[3/5] Fetching packages...
info fsevents@1.2.13: The platform "linux" is incompatible with this module.
info "fsevents@1.2.13" is an optional dependency and failed compatibility check. Excluding it from installation.
info fsevents@2.3.2: The platform "linux" is incompatible with this module.
info "fsevents@2.3.2" is an optional dependency and failed compatibility check. Excluding it from installation.
[4/5] Linking dependencies...
[5/5] Building fresh packages...
Done in 7.21s.
yarn run v1.22.10
$ rollup -c 

src/index.js → dist/index.js, dist/index.modern.js...
created dist/index.js, dist/index.modern.js in 1.6s
Done in 2.01s.
yarn install v1.22.10
[1/5] Validating package.json...
[2/5] Resolving packages...
[3/5] Fetching packages...
info fsevents@1.2.13: The platform "linux" is incompatible with this module.
info "fsevents@1.2.13" is an optional dependency and failed compatibility check. Excluding it from installation.
info fsevents@2.3.2: The platform "linux" is incompatible with this module.
info "fsevents@2.3.2" is an optional dependency and failed compatibility check. Excluding it from installation.
[4/5] Linking dependencies...
[5/5] Building fresh packages...
Done in 7.84s.
yarn run v1.22.10
$ rollup -c 

src/index.js → dist/index.js, dist/index.modern.js...
created dist/index.js, dist/index.modern.js in 1.5s
Done in 1.91s.
yarn install v1.22.5
[1/5] Validating package.json...
[2/5] Resolving packages...
[3/5] Fetching packages...
info fsevents@1.2.13: The platform "linux" is incompatible with this module.
info "fsevents@1.2.13" is an optional dependency and failed compatibility check. Excluding it from installation.
info fsevents@2.3.2: The platform "linux" is incompatible with this module.
info "fsevents@2.3.2" is an optional dependency and failed compatibility check. Excluding it from installation.
[4/5] Linking dependencies...
[5/5] Building fresh packages...
Done in 15.31s.
yarn run v1.22.5
$ rollup -c 

src/index.js → dist/index.js, dist/index.modern.js...
created dist/index.js, dist/index.modern.js in 1.7s
Done in 2.32s.
yarn install v1.22.10
[1/5] Validating package.json...
[2/5] Resolving packages...
[3/5] Fetching packages...
info fsevents@1.2.13: The platform "linux" is incompatible with this module.
info "fsevents@1.2.13" is an optional dependency and failed compatibility check. Excluding it from installation.
info fsevents@2.3.2: The platform "linux" is incompatible with this module.
info "fsevents@2.3.2" is an optional dependency and failed compatibility check. Excluding it from installation.
[4/5] Linking dependencies...
[5/5] Building fresh packages...
Done in 7.14s.
yarn run v1.22.10
$ rollup -c 

src/index.js → dist/index.js, dist/index.modern.js...
created dist/index.js, dist/index.modern.js in 1.4s
Done in 1.88s.
yarn install v1.22.10
[1/5] Validating package.json...
[2/5] Resolving packages...
[3/5] Fetching packages...
info fsevents@1.2.13: The platform "linux" is incompatible with this module.
info "fsevents@1.2.13" is an optional dependency and failed compatibility check. Excluding it from installation.
info fsevents@2.3.2: The platform "linux" is incompatible with this module.
info "fsevents@2.3.2" is an optional dependency and failed compatibility check. Excluding it from installation.
[4/5] Linking dependencies...
[5/5] Building fresh packages...
Done in 6.83s.
yarn run v1.22.10
$ rollup -c 

src/index.js → dist/index.js, dist/index.modern.js...
created dist/index.js, dist/index.modern.js in 1.5s
Done in 1.94s.
yarn install v1.22.10
[1/5] Validating package.json...
[2/5] Resolving packages...
[3/5] Fetching packages...
info fsevents@1.2.13: The platform "linux" is incompatible with this module.
info "fsevents@1.2.13" is an optional dependency and failed compatibility check. Excluding it from installation.
info fsevents@2.3.2: The platform "linux" is incompatible with this module.
info "fsevents@2.3.2" is an optional dependency and failed compatibility check. Excluding it from installation.
[4/5] Linking dependencies...
[5/5] Building fresh packages...
Done in 7.39s.
yarn run v1.22.10
$ rollup -c 

src/index.js → dist/index.js, dist/index.modern.js...
created dist/index.js, dist/index.modern.js in 1.5s
Done in 1.94s.
yarn install v1.22.10
[1/5] Validating package.json...
[2/5] Resolving packages...
[3/5] Fetching packages...
info fsevents@1.2.13: The platform "linux" is incompatible with this module.
info "fsevents@1.2.13" is an optional dependency and failed compatibility check. Excluding it from installation.
info fsevents@2.3.2: The platform "linux" is incompatible with this module.
info "fsevents@2.3.2" is an optional dependency and failed compatibility check. Excluding it from installation.
[4/5] Linking dependencies...
[5/5] Building fresh packages...
Done in 8.00s.
yarn run v1.22.10
$ rollup -c 

src/index.js → dist/index.js, dist/index.modern.js...
created dist/index.js, dist/index.modern.js in 1.6s
Done in 2.06s.
yarn install v1.22.5
[1/5] Validating package.json...
[2/5] Resolving packages...
[3/5] Fetching packages...
info fsevents@1.2.13: The platform "linux" is incompatible with this module.
info "fsevents@1.2.13" is an optional dependency and failed compatibility check. Excluding it from installation.
info fsevents@2.3.2: The platform "linux" is incompatible with this module.
info "fsevents@2.3.2" is an optional dependency and failed compatibility check. Excluding it from installation.
[4/5] Linking dependencies...
[5/5] Building fresh packages...
Done in 15.11s.
yarn run v1.22.5
$ rollup -c 

src/index.js → dist/index.js, dist/index.modern.js...
created dist/index.js, dist/index.modern.js in 1.4s
Done in 1.90s.
yarn install v1.22.10
[1/5] Validating package.json...
[2/5] Resolving packages...
[3/5] Fetching packages...
info fsevents@1.2.13: The platform "linux" is incompatible with this module.
info "fsevents@1.2.13" is an optional dependency and failed compatibility check. Excluding it from installation.
info fsevents@2.3.2: The platform "linux" is incompatible with this module.
info "fsevents@2.3.2" is an optional dependency and failed compatibility check. Excluding it from installation.
[4/5] Linking dependencies...
[5/5] Building fresh packages...
Done in 9.95s.
yarn run v1.22.10
$ rollup -c 

src/index.js → dist/index.js, dist/index.modern.js...
created dist/index.js, dist/index.modern.js in 1.4s
Done in 1.74s.
yarn install v1.22.5
[1/5] Validating package.json...
[2/5] Resolving packages...
[3/5] Fetching packages...
info fsevents@1.2.13: The platform "linux" is incompatible with this module.
info "fsevents@1.2.13" is an optional dependency and failed compatibility check. Excluding it from installation.
info fsevents@2.3.2: The platform "linux" is incompatible with this module.
info "fsevents@2.3.2" is an optional dependency and failed compatibility check. Excluding it from installation.
[4/5] Linking dependencies...
[5/5] Building fresh packages...
Done in 15.79s.
yarn run v1.22.5
$ rollup -c 

src/index.js → dist/index.js, dist/index.modern.js...
created dist/index.js, dist/index.modern.js in 1.4s
Done in 1.97s.
yarn install v1.22.5
[1/5] Validating package.json...
[2/5] Resolving packages...
[3/5] Fetching packages...
info fsevents@1.2.13: The platform "linux" is incompatible with this module.
info "fsevents@1.2.13" is an optional dependency and failed compatibility check. Excluding it from installation.
info fsevents@2.3.2: The platform "linux" is incompatible with this module.
info "fsevents@2.3.2" is an optional dependency and failed compatibility check. Excluding it from installation.
[4/5] Linking dependencies...
[5/5] Building fresh packages...
Done in 15.33s.
yarn run v1.22.5
$ rollup -c 

src/index.js → dist/index.js, dist/index.modern.js...
created dist/index.js, dist/index.modern.js in 1.5s
Done in 2.04s.
yarn install v1.22.5
[1/5] Validating package.json...
[2/5] Resolving packages...
[3/5] Fetching packages...
info fsevents@1.2.13: The platform "linux" is incompatible with this module.
info "fsevents@1.2.13" is an optional dependency and failed compatibility check. Excluding it from installation.
info fsevents@2.3.2: The platform "linux" is incompatible with this module.
info "fsevents@2.3.2" is an optional dependency and failed compatibility check. Excluding it from installation.
[4/5] Linking dependencies...
[5/5] Building fresh packages...
Done in 15.23s.
yarn run v1.22.5
$ rollup -c 

src/index.js → dist/index.js, dist/index.modern.js...
created dist/index.js, dist/index.modern.js in 1.5s
Done in 2.02s.
yarn install v1.22.5
[1/5] Validating package.json...
[2/5] Resolving packages...
[3/5] Fetching packages...
info fsevents@1.2.13: The platform "linux" is incompatible with this module.
info "fsevents@1.2.13" is an optional dependency and failed compatibility check. Excluding it from installation.
info fsevents@2.3.2: The platform "linux" is incompatible with this module.
info "fsevents@2.3.2" is an optional dependency and failed compatibility check. Excluding it from installation.
[4/5] Linking dependencies...
[5/5] Building fresh packages...
Done in 16.13s.
yarn run v1.22.5
$ rollup -c 

src/index.js → dist/index.js, dist/index.modern.js...
created dist/index.js, dist/index.modern.js in 1.4s
Done in 1.96s.
yarn install v1.22.5
[1/5] Validating package.json...
[2/5] Resolving packages...
[3/5] Fetching packages...
info fsevents@1.2.13: The platform "linux" is incompatible with this module.
info "fsevents@1.2.13" is an optional dependency and failed compatibility check. Excluding it from installation.
info fsevents@2.3.2: The platform "linux" is incompatible with this module.
info "fsevents@2.3.2" is an optional dependency and failed compatibility check. Excluding it from installation.
[4/5] Linking dependencies...
[5/5] Building fresh packages...
Done in 14.56s.
yarn run v1.22.5
$ rollup -c 

src/index.js → dist/index.js, dist/index.modern.js...
created dist/index.js, dist/index.modern.js in 1.4s
Done in 1.92s.
yarn install v1.22.10
[1/5] Validating package.json...
[2/5] Resolving packages...
[3/5] Fetching packages...
info fsevents@1.2.13: The platform "linux" is incompatible with this module.
info "fsevents@1.2.13" is an optional dependency and failed compatibility check. Excluding it from installation.
info fsevents@2.3.2: The platform "linux" is incompatible with this module.
info "fsevents@2.3.2" is an optional dependency and failed compatibility check. Excluding it from installation.
[4/5] Linking dependencies...
[5/5] Building fresh packages...
Done in 7.58s.
yarn run v1.22.10
$ rollup -c 

src/index.js → dist/index.js, dist/index.modern.js...
created dist/index.js, dist/index.modern.js in 1.5s
Done in 1.91s.
yarn install v1.22.5
[1/5] Validating package.json...
[2/5] Resolving packages...
[3/5] Fetching packages...
info fsevents@1.2.13: The platform "linux" is incompatible with this module.
info "fsevents@1.2.13" is an optional dependency and failed compatibility check. Excluding it from installation.
info fsevents@2.3.2: The platform "linux" is incompatible with this module.
info "fsevents@2.3.2" is an optional dependency and failed compatibility check. Excluding it from installation.
[4/5] Linking dependencies...
[5/5] Building fresh packages...
Done in 13.53s.
yarn run v1.22.5
$ rollup -c 

src/index.js → dist/index.js, dist/index.modern.js...
created dist/index.js, dist/index.modern.js in 1.4s
Done in 1.93s.
yarn install v1.22.5
[1/5] Validating package.json...
[2/5] Resolving packages...
[3/5] Fetching packages...
info fsevents@1.2.13: The platform "linux" is incompatible with this module.
info "fsevents@1.2.13" is an optional dependency and failed compatibility check. Excluding it from installation.
info fsevents@2.3.2: The platform "linux" is incompatible with this module.
info "fsevents@2.3.2" is an optional dependency and failed compatibility check. Excluding it from installation.
[4/5] Linking dependencies...
[5/5] Building fresh packages...
Done in 13.91s.
yarn run v1.22.5
$ rollup -c 

src/index.js → dist/index.js, dist/index.modern.js...
created dist/index.js, dist/index.modern.js in 1.4s
Done in 1.90s.
yarn install v1.22.5
[1/5] Validating package.json...
[2/5] Resolving packages...
[3/5] Fetching packages...
info fsevents@1.2.13: The platform "linux" is incompatible with this module.
info "fsevents@1.2.13" is an optional dependency and failed compatibility check. Excluding it from installation.
info fsevents@2.3.2: The platform "linux" is incompatible with this module.
info "fsevents@2.3.2" is an optional dependency and failed compatibility check. Excluding it from installation.
[4/5] Linking dependencies...
[5/5] Building fresh packages...
Done in 14.15s.
yarn run v1.22.5
$ rollup -c 

src/index.js → dist/index.js, dist/index.modern.js...
created dist/index.js, dist/index.modern.js in 1.6s
Done in 2.10s.
yarn install v1.22.5
[1/5] Validating package.json...
[2/5] Resolving packages...
[3/5] Fetching packages...
info fsevents@1.2.13: The platform "linux" is incompatible with this module.
info "fsevents@1.2.13" is an optional dependency and failed compatibility check. Excluding it from installation.
info fsevents@2.3.2: The platform "linux" is incompatible with this module.
info "fsevents@2.3.2" is an optional dependency and failed compatibility check. Excluding it from installation.
[4/5] Linking dependencies...
[5/5] Building fresh packages...
Done in 15.07s.
yarn run v1.22.5
$ rollup -c 

src/index.js → dist/index.js, dist/index.modern.js...
created dist/index.js, dist/index.modern.js in 1.4s
Done in 1.87s.
yarn install v1.22.10
[1/5] Validating package.json...
[2/5] Resolving packages...
[3/5] Fetching packages...
info fsevents@1.2.13: The platform "linux" is incompatible with this module.
info "fsevents@1.2.13" is an optional dependency and failed compatibility check. Excluding it from installation.
info fsevents@2.3.2: The platform "linux" is incompatible with this module.
info "fsevents@2.3.2" is an optional dependency and failed compatibility check. Excluding it from installation.
[4/5] Linking dependencies...
[5/5] Building fresh packages...
Done in 6.65s.
yarn run v1.22.10
$ rollup -c 

src/index.js → dist/index.js, dist/index.modern.js...
created dist/index.js, dist/index.modern.js in 1.4s
Done in 1.85s.
yarn install v1.22.5
[1/5] Validating package.json...
[2/5] Resolving packages...
[3/5] Fetching packages...
info fsevents@1.2.13: The platform "linux" is incompatible with this module.
info "fsevents@1.2.13" is an optional dependency and failed compatibility check. Excluding it from installation.
info fsevents@2.3.2: The platform "linux" is incompatible with this module.
info "fsevents@2.3.2" is an optional dependency and failed compatibility check. Excluding it from installation.
[4/5] Linking dependencies...
[5/5] Building fresh packages...
Done in 13.97s.
yarn run v1.22.5
$ rollup -c 

src/index.js → dist/index.js, dist/index.modern.js...
created dist/index.js, dist/index.modern.js in 1.4s
Done in 1.90s.
yarn install v1.22.5
[1/5] Validating package.json...
[2/5] Resolving packages...
[3/5] Fetching packages...
info fsevents@1.2.13: The platform "linux" is incompatible with this module.
info "fsevents@1.2.13" is an optional dependency and failed compatibility check. Excluding it from installation.
info fsevents@2.3.2: The platform "linux" is incompatible with this module.
info "fsevents@2.3.2" is an optional dependency and failed compatibility check. Excluding it from installation.
[4/5] Linking dependencies...
[5/5] Building fresh packages...
Done in 13.49s.
yarn run v1.22.5
$ rollup -c 

src/index.js → dist/index.js, dist/index.modern.js...
created dist/index.js, dist/index.modern.js in 1.3s
Done in 1.85s.
yarn install v1.22.10
[1/5] Validating package.json...
[2/5] Resolving packages...
[3/5] Fetching packages...
info fsevents@1.2.13: The platform "linux" is incompatible with this module.
info "fsevents@1.2.13" is an optional dependency and failed compatibility check. Excluding it from installation.
info fsevents@2.3.2: The platform "linux" is incompatible with this module.
info "fsevents@2.3.2" is an optional dependency and failed compatibility check. Excluding it from installation.
[4/5] Linking dependencies...
[5/5] Building fresh packages...
Done in 7.56s.
yarn run v1.22.10
$ rollup -c 

src/index.js → dist/index.js, dist/index.modern.js...
created dist/index.js, dist/index.modern.js in 1.4s
Done in 1.87s.
yarn install v1.22.5
[1/5] Validating package.json...
[2/5] Resolving packages...
[3/5] Fetching packages...
info fsevents@1.2.13: The platform "linux" is incompatible with this module.
info "fsevents@1.2.13" is an optional dependency and failed compatibility check. Excluding it from installation.
info fsevents@2.3.2: The platform "linux" is incompatible with this module.
info "fsevents@2.3.2" is an optional dependency and failed compatibility check. Excluding it from installation.
[4/5] Linking dependencies...
[5/5] Building fresh packages...
Done in 15.03s.
yarn run v1.22.5
$ rollup -c 

src/index.js → dist/index.js, dist/index.modern.js...
created dist/index.js, dist/index.modern.js in 1.4s
Done in 1.96s.
yarn install v1.22.10
[1/5] Validating package.json...
[2/5] Resolving packages...
[3/5] Fetching packages...
info fsevents@1.2.13: The platform "linux" is incompatible with this module.
info "fsevents@1.2.13" is an optional dependency and failed compatibility check. Excluding it from installation.
info fsevents@2.3.2: The platform "linux" is incompatible with this module.
info "fsevents@2.3.2" is an optional dependency and failed compatibility check. Excluding it from installation.
[4/5] Linking dependencies...
[5/5] Building fresh packages...
Done in 6.52s.
yarn run v1.22.10
$ rollup -c 

src/index.js → dist/index.js, dist/index.modern.js...
created dist/index.js, dist/index.modern.js in 1.4s
Done in 1.83s.
yarn install v1.22.5
[1/5] Validating package.json...
[2/5] Resolving packages...
[3/5] Fetching packages...
info fsevents@1.2.13: The platform "linux" is incompatible with this module.
info "fsevents@1.2.13" is an optional dependency and failed compatibility check. Excluding it from installation.
info fsevents@2.3.2: The platform "linux" is incompatible with this module.
info "fsevents@2.3.2" is an optional dependency and failed compatibility check. Excluding it from installation.
[4/5] Linking dependencies...
[5/5] Building fresh packages...
Done in 14.93s.
yarn run v1.22.5
$ rollup -c 

src/index.js → dist/index.js, dist/index.modern.js...
created dist/index.js, dist/index.modern.js in 1.4s
Done in 1.90s.
yarn install v1.22.10
[1/5] Validating package.json...
[2/5] Resolving packages...
[3/5] Fetching packages...
info fsevents@1.2.13: The platform "linux" is incompatible with this module.
info "fsevents@1.2.13" is an optional dependency and failed compatibility check. Excluding it from installation.
info fsevents@2.3.2: The platform "linux" is incompatible with this module.
info "fsevents@2.3.2" is an optional dependency and failed compatibility check. Excluding it from installation.
[4/5] Linking dependencies...
[5/5] Building fresh packages...
Done in 7.24s.
yarn run v1.22.10
$ rollup -c 

src/index.js → dist/index.js, dist/index.modern.js...
created dist/index.js, dist/index.modern.js in 1.5s
Done in 1.98s.
yarn install v1.22.5
[1/5] Validating package.json...
[2/5] Resolving packages...
[3/5] Fetching packages...
info fsevents@1.2.13: The platform "linux" is incompatible with this module.
info "fsevents@1.2.13" is an optional dependency and failed compatibility check. Excluding it from installation.
info fsevents@2.3.2: The platform "linux" is incompatible with this module.
info "fsevents@2.3.2" is an optional dependency and failed compatibility check. Excluding it from installation.
[4/5] Linking dependencies...
[5/5] Building fresh packages...
Done in 14.38s.
yarn run v1.22.5
$ rollup -c 

src/index.js → dist/index.js, dist/index.modern.js...
created dist/index.js, dist/index.modern.js in 1.4s
Done in 1.89s.
yarn install v1.22.5
[1/5] Validating package.json...
[2/5] Resolving packages...
[3/5] Fetching packages...
info fsevents@1.2.13: The platform "linux" is incompatible with this module.
info "fsevents@1.2.13" is an optional dependency and failed compatibility check. Excluding it from installation.
info fsevents@2.3.2: The platform "linux" is incompatible with this module.
info "fsevents@2.3.2" is an optional dependency and failed compatibility check. Excluding it from installation.
[4/5] Linking dependencies...
[5/5] Building fresh packages...
Done in 13.80s.
yarn run v1.22.5
$ rollup -c 

src/index.js → dist/index.js, dist/index.modern.js...
created dist/index.js, dist/index.modern.js in 1.3s
Done in 1.85s.
yarn install v1.22.5
[1/5] Validating package.json...
[2/5] Resolving packages...
[3/5] Fetching packages...
info fsevents@1.2.13: The platform "linux" is incompatible with this module.
info "fsevents@1.2.13" is an optional dependency and failed compatibility check. Excluding it from installation.
info fsevents@2.3.2: The platform "linux" is incompatible with this module.
info "fsevents@2.3.2" is an optional dependency and failed compatibility check. Excluding it from installation.
[4/5] Linking dependencies...
[5/5] Building fresh packages...
Done in 14.53s.
yarn run v1.22.5
$ rollup -c 

src/index.js → dist/index.js, dist/index.modern.js...
created dist/index.js, dist/index.modern.js in 1.3s
Done in 1.85s.
yarn install v1.22.5
[1/5] Validating package.json...
[2/5] Resolving packages...
[3/5] Fetching packages...
info fsevents@1.2.13: The platform "linux" is incompatible with this module.
info "fsevents@1.2.13" is an optional dependency and failed compatibility check. Excluding it from installation.
info fsevents@2.3.2: The platform "linux" is incompatible with this module.
info "fsevents@2.3.2" is an optional dependency and failed compatibility check. Excluding it from installation.
[4/5] Linking dependencies...
[5/5] Building fresh packages...
Done in 14.93s.
yarn run v1.22.5
$ rollup -c 

src/index.js → dist/index.js, dist/index.modern.js...
created dist/index.js, dist/index.modern.js in 1.4s
Done in 1.92s.
yarn install v1.22.5
[1/5] Validating package.json...
[2/5] Resolving packages...
[3/5] Fetching packages...
info fsevents@1.2.13: The platform "linux" is incompatible with this module.
info "fsevents@1.2.13" is an optional dependency and failed compatibility check. Excluding it from installation.
info fsevents@2.3.2: The platform "linux" is incompatible with this module.
info "fsevents@2.3.2" is an optional dependency and failed compatibility check. Excluding it from installation.
[4/5] Linking dependencies...
[5/5] Building fresh packages...
Done in 15.28s.
yarn run v1.22.5
$ rollup -c 

src/index.js → dist/index.js, dist/index.modern.js...
created dist/index.js, dist/index.modern.js in 1.4s
Done in 1.99s.
yarn install v1.22.5
[1/5] Validating package.json...
[2/5] Resolving packages...
[3/5] Fetching packages...
info fsevents@1.2.13: The platform "linux" is incompatible with this module.
info "fsevents@1.2.13" is an optional dependency and failed compatibility check. Excluding it from installation.
info fsevents@2.3.2: The platform "linux" is incompatible with this module.
info "fsevents@2.3.2" is an optional dependency and failed compatibility check. Excluding it from installation.
[4/5] Linking dependencies...
[5/5] Building fresh packages...
Done in 13.72s.
yarn run v1.22.5
$ rollup -c 

src/index.js → dist/index.js, dist/index.modern.js...
created dist/index.js, dist/index.modern.js in 1.5s
Done in 1.98s.
yarn install v1.22.5
[1/5] Validating package.json...
[2/5] Resolving packages...
[3/5] Fetching packages...
info fsevents@1.2.13: The platform "linux" is incompatible with this module.
info "fsevents@1.2.13" is an optional dependency and failed compatibility check. Excluding it from installation.
info fsevents@2.3.2: The platform "linux" is incompatible with this module.
info "fsevents@2.3.2" is an optional dependency and failed compatibility check. Excluding it from installation.
[4/5] Linking dependencies...
[5/5] Building fresh packages...
Done in 14.17s.
yarn run v1.22.5
$ rollup -c 

src/index.js → dist/index.js, dist/index.modern.js...
created dist/index.js, dist/index.modern.js in 1.4s
Done in 1.93s.
yarn install v1.22.5
[1/5] Validating package.json...
[2/5] Resolving packages...
[3/5] Fetching packages...
info fsevents@1.2.13: The platform "linux" is incompatible with this module.
info "fsevents@1.2.13" is an optional dependency and failed compatibility check. Excluding it from installation.
info fsevents@2.3.2: The platform "linux" is incompatible with this module.
info "fsevents@2.3.2" is an optional dependency and failed compatibility check. Excluding it from installation.
[4/5] Linking dependencies...
[5/5] Building fresh packages...
Done in 15.31s.
yarn run v1.22.5
$ rollup -c 

src/index.js → dist/index.js, dist/index.modern.js...
created dist/index.js, dist/index.modern.js in 1.6s
Done in 2.10s.
yarn install v1.22.5
[1/5] Validating package.json...
[2/5] Resolving packages...
success Already up-to-date.
Done in 0.45s.
yarn run v1.22.5
$ rollup -c 

src/index.js → dist/index.js, dist/index.modern.js...
created dist/index.js, dist/index.modern.js in 1.5s
Done in 2.07s.
yarn install v1.22.5
[1/5] Validating package.json...
[2/5] Resolving packages...
success Already up-to-date.
Done in 0.45s.
yarn run v1.22.5
$ rollup -c 

src/index.js → dist/index.js, dist/index.modern.js...
created dist/index.js, dist/index.modern.js in 1.5s
Done in 2.05s.
yarn install v1.22.5
[1/5] Validating package.json...
[2/5] Resolving packages...
success Already up-to-date.
Done in 0.56s.
yarn run v1.22.5
$ rollup -c 

src/index.js → dist/index.js, dist/index.modern.js...
created dist/index.js, dist/index.modern.js in 1.6s
Done in 2.31s.
yarn install v1.22.5
[1/5] Validating package.json...
[2/5] Resolving packages...
success Already up-to-date.
Done in 0.46s.
yarn run v1.22.5
$ rollup -c 

src/index.js → dist/index.js, dist/index.modern.js...
created dist/index.js, dist/index.modern.js in 1.4s
Done in 1.86s.
yarn install v1.22.5
[1/5] Validating package.json...
[2/5] Resolving packages...
success Already up-to-date.
Done in 0.64s.
yarn run v1.22.5
$ rollup -c 

src/index.js → dist/index.js, dist/index.modern.js...
created dist/index.js, dist/index.modern.js in 1.7s
Done in 2.30s.
yarn install v1.22.5
[1/5] Validating package.json...
[2/5] Resolving packages...
success Already up-to-date.
Done in 0.45s.
yarn run v1.22.5
$ rollup -c 

src/index.js → dist/index.js, dist/index.modern.js...
created dist/index.js, dist/index.modern.js in 1.6s
Done in 2.20s.
yarn install v1.22.10
[1/5] Validating package.json...
[2/5] Resolving packages...
[3/5] Fetching packages...
info fsevents@1.2.13: The platform "linux" is incompatible with this module.
info "fsevents@1.2.13" is an optional dependency and failed compatibility check. Excluding it from installation.
info fsevents@2.3.2: The platform "linux" is incompatible with this module.
info "fsevents@2.3.2" is an optional dependency and failed compatibility check. Excluding it from installation.
[4/5] Linking dependencies...
[5/5] Building fresh packages...
Done in 7.28s.
yarn run v1.22.10
$ rollup -c 

src/index.js → dist/index.js, dist/index.modern.js...
created dist/index.js, dist/index.modern.js in 1.4s
Done in 1.87s.
yarn install v1.22.10
[1/5] Validating package.json...
[2/5] Resolving packages...
[3/5] Fetching packages...
info fsevents@1.2.13: The platform "linux" is incompatible with this module.
info "fsevents@1.2.13" is an optional dependency and failed compatibility check. Excluding it from installation.
info fsevents@2.3.2: The platform "linux" is incompatible with this module.
info "fsevents@2.3.2" is an optional dependency and failed compatibility check. Excluding it from installation.
[4/5] Linking dependencies...
[5/5] Building fresh packages...
Done in 6.50s.
yarn run v1.22.10
$ rollup -c 

src/index.js → dist/index.js, dist/index.modern.js...
created dist/index.js, dist/index.modern.js in 1.4s
Done in 1.86s.
yarn install v1.22.10
[1/5] Validating package.json...
[2/5] Resolving packages...
success Already up-to-date.
Done in 0.60s.
yarn run v1.22.10
$ rollup -c 

src/index.js → dist/index.js, dist/index.modern.js...
created dist/index.js, dist/index.modern.js in 1.4s
Done in 1.85s.
yarn install v1.22.5
[1/5] Validating package.json...
[2/5] Resolving packages...
[3/5] Fetching packages...
info fsevents@1.2.13: The platform "linux" is incompatible with this module.
info "fsevents@1.2.13" is an optional dependency and failed compatibility check. Excluding it from installation.
info fsevents@2.3.2: The platform "linux" is incompatible with this module.
info "fsevents@2.3.2" is an optional dependency and failed compatibility check. Excluding it from installation.
[4/5] Linking dependencies...
[5/5] Building fresh packages...
Done in 14.06s.
yarn run v1.22.5
$ rollup -c 

src/index.js → dist/index.js, dist/index.modern.js...
created dist/index.js, dist/index.modern.js in 1.4s
Done in 1.91s.
yarn install v1.22.5
[1/5] Validating package.json...
[2/5] Resolving packages...
success Already up-to-date.
Done in 0.45s.
yarn run v1.22.5
$ rollup -c 

src/index.js → dist/index.js, dist/index.modern.js...
created dist/index.js, dist/index.modern.js in 1.5s
Done in 2.10s.
yarn install v1.22.10
[1/5] Validating package.json...
[2/5] Resolving packages...
[3/5] Fetching packages...
info fsevents@1.2.13: The platform "linux" is incompatible with this module.
info "fsevents@1.2.13" is an optional dependency and failed compatibility check. Excluding it from installation.
info fsevents@2.3.2: The platform "linux" is incompatible with this module.
info "fsevents@2.3.2" is an optional dependency and failed compatibility check. Excluding it from installation.
[4/5] Linking dependencies...
[5/5] Building fresh packages...
Done in 6.32s.
yarn run v1.22.10
$ rollup -c 

src/index.js → dist/index.js, dist/index.modern.js...
created dist/index.js, dist/index.modern.js in 1.5s
Done in 1.96s.
yarn install v1.22.10
[1/5] Validating package.json...
[2/5] Resolving packages...
success Already up-to-date.
Done in 0.60s.
yarn run v1.22.10
$ rollup -c 

src/index.js → dist/index.js, dist/index.modern.js...
created dist/index.js, dist/index.modern.js in 1.8s
Done in 2.31s.
yarn install v1.22.5
[1/5] Validating package.json...
[2/5] Resolving packages...
[3/5] Fetching packages...
info fsevents@1.2.13: The platform "linux" is incompatible with this module.
info "fsevents@1.2.13" is an optional dependency and failed compatibility check. Excluding it from installation.
info fsevents@2.3.2: The platform "linux" is incompatible with this module.
info "fsevents@2.3.2" is an optional dependency and failed compatibility check. Excluding it from installation.
[4/5] Linking dependencies...
[5/5] Building fresh packages...
Done in 14.24s.
yarn run v1.22.5
$ rollup -c 

src/index.js → dist/index.js, dist/index.modern.js...
created dist/index.js, dist/index.modern.js in 1.4s
Done in 1.90s.
yarn install v1.22.10
[1/5] Validating package.json...
[2/5] Resolving packages...
[3/5] Fetching packages...
info fsevents@1.2.13: The platform "linux" is incompatible with this module.
info "fsevents@1.2.13" is an optional dependency and failed compatibility check. Excluding it from installation.
info fsevents@2.3.2: The platform "linux" is incompatible with this module.
info "fsevents@2.3.2" is an optional dependency and failed compatibility check. Excluding it from installation.
[4/5] Linking dependencies...
[5/5] Building fresh packages...
Done in 7.22s.
yarn run v1.22.10
$ rollup -c 

src/index.js → dist/index.js, dist/index.modern.js...
created dist/index.js, dist/index.modern.js in 1.4s
Done in 1.83s.
yarn install v1.22.10
[1/5] Validating package.json...
[2/5] Resolving packages...
success Already up-to-date.
Done in 0.59s.
yarn run v1.22.10
$ rollup -c 

src/index.js → dist/index.js, dist/index.modern.js...
created dist/index.js, dist/index.modern.js in 1.4s
Done in 1.89s.
yarn install v1.22.5
[1/5] Validating package.json...
[2/5] Resolving packages...
[3/5] Fetching packages...
info fsevents@1.2.13: The platform "linux" is incompatible with this module.
info "fsevents@1.2.13" is an optional dependency and failed compatibility check. Excluding it from installation.
info fsevents@2.3.2: The platform "linux" is incompatible with this module.
info "fsevents@2.3.2" is an optional dependency and failed compatibility check. Excluding it from installation.
[4/5] Linking dependencies...
[5/5] Building fresh packages...
Done in 14.21s.
yarn run v1.22.5
$ rollup -c 

src/index.js → dist/index.js, dist/index.modern.js...
created dist/index.js, dist/index.modern.js in 1.5s
Done in 1.99s.
yarn install v1.22.10
[1/5] Validating package.json...
[2/5] Resolving packages...
[3/5] Fetching packages...
info fsevents@1.2.13: The platform "linux" is incompatible with this module.
info "fsevents@1.2.13" is an optional dependency and failed compatibility check. Excluding it from installation.
info fsevents@2.3.2: The platform "linux" is incompatible with this module.
info "fsevents@2.3.2" is an optional dependency and failed compatibility check. Excluding it from installation.
[4/5] Linking dependencies...
[5/5] Building fresh packages...
Done in 6.63s.
yarn run v1.22.10
$ rollup -c 

src/index.js → dist/index.js, dist/index.modern.js...
created dist/index.js, dist/index.modern.js in 1.5s
Done in 1.93s.
yarn install v1.22.10
[1/5] Validating package.json...
[2/5] Resolving packages...
success Already up-to-date.
Done in 0.60s.
yarn run v1.22.10
$ rollup -c 

src/index.js → dist/index.js, dist/index.modern.js...
created dist/index.js, dist/index.modern.js in 1.8s
Done in 2.58s.
yarn install v1.22.5
[1/5] Validating package.json...
[2/5] Resolving packages...
[3/5] Fetching packages...
info fsevents@1.2.13: The platform "linux" is incompatible with this module.
info "fsevents@1.2.13" is an optional dependency and failed compatibility check. Excluding it from installation.
info fsevents@2.3.2: The platform "linux" is incompatible with this module.
info "fsevents@2.3.2" is an optional dependency and failed compatibility check. Excluding it from installation.
[4/5] Linking dependencies...
[5/5] Building fresh packages...
Done in 14.24s.
yarn run v1.22.5
$ rollup -c 

src/index.js → dist/index.js, dist/index.modern.js...
created dist/index.js, dist/index.modern.js in 1.4s
Done in 1.91s.
yarn install v1.22.5
[1/5] Validating package.json...
[2/5] Resolving packages...
success Already up-to-date.
Done in 0.48s.
yarn run v1.22.5
$ rollup -c 

src/index.js → dist/index.js, dist/index.modern.js...
created dist/index.js, dist/index.modern.js in 1.4s
Done in 1.97s.
yarn install v1.22.5
[1/5] Validating package.json...
[2/5] Resolving packages...
success Already up-to-date.
Done in 0.45s.
yarn run v1.22.5
$ rollup -c 

src/index.js → dist/index.js, dist/index.modern.js...
created dist/index.js, dist/index.modern.js in 1.4s
Done in 1.99s.
yarn install v1.22.10
[1/5] Validating package.json...
[2/5] Resolving packages...
[3/5] Fetching packages...
info fsevents@1.2.13: The platform "linux" is incompatible with this module.
info "fsevents@1.2.13" is an optional dependency and failed compatibility check. Excluding it from installation.
info fsevents@2.3.2: The platform "linux" is incompatible with this module.
info "fsevents@2.3.2" is an optional dependency and failed compatibility check. Excluding it from installation.
[4/5] Linking dependencies...
[5/5] Building fresh packages...
Done in 7.12s.
yarn run v1.22.10
$ rollup -c 

src/index.js → dist/index.js, dist/index.modern.js...
created dist/index.js, dist/index.modern.js in 1.4s
Done in 1.84s.
yarn install v1.22.10
[1/5] Validating package.json...
[2/5] Resolving packages...
success Already up-to-date.
Done in 0.59s.
yarn run v1.22.10
$ rollup -c 

src/index.js → dist/index.js, dist/index.modern.js...
created dist/index.js, dist/index.modern.js in 1.4s
Done in 1.82s.
yarn install v1.22.5
[1/5] Validating package.json...
[2/5] Resolving packages...
[3/5] Fetching packages...
info fsevents@1.2.13: The platform "linux" is incompatible with this module.
info "fsevents@1.2.13" is an optional dependency and failed compatibility check. Excluding it from installation.
info fsevents@2.3.2: The platform "linux" is incompatible with this module.
info "fsevents@2.3.2" is an optional dependency and failed compatibility check. Excluding it from installation.
[4/5] Linking dependencies...
[5/5] Building fresh packages...
Done in 14.19s.
yarn run v1.22.5
$ rollup -c 

src/index.js → dist/index.js, dist/index.modern.js...
created dist/index.js, dist/index.modern.js in 1.4s
Done in 1.90s.
yarn install v1.22.10
[1/5] Validating package.json...
[2/5] Resolving packages...
[3/5] Fetching packages...
info fsevents@1.2.13: The platform "linux" is incompatible with this module.
info "fsevents@1.2.13" is an optional dependency and failed compatibility check. Excluding it from installation.
info fsevents@2.3.2: The platform "linux" is incompatible with this module.
info "fsevents@2.3.2" is an optional dependency and failed compatibility check. Excluding it from installation.
[4/5] Linking dependencies...
[5/5] Building fresh packages...
Done in 6.40s.
yarn run v1.22.10
$ rollup -c 

src/index.js → dist/index.js, dist/index.modern.js...
created dist/index.js, dist/index.modern.js in 1.4s
Done in 1.85s.
yarn install v1.22.10
[1/5] Validating package.json...
[2/5] Resolving packages...
success Already up-to-date.
Done in 0.60s.
yarn run v1.22.10
$ rollup -c 

src/index.js → dist/index.js, dist/index.modern.js...
created dist/index.js, dist/index.modern.js in 1.8s
Done in 2.53s.
yarn install v1.22.10
[1/5] Validating package.json...
[2/5] Resolving packages...
success Already up-to-date.
Done in 0.60s.
yarn run v1.22.10
$ rollup -c 

src/index.js → dist/index.js, dist/index.modern.js...
created dist/index.js, dist/index.modern.js in 1.7s
Done in 2.41s.
yarn install v1.22.10
[1/5] Validating package.json...
[2/5] Resolving packages...
success Already up-to-date.
Done in 0.61s.
yarn run v1.22.10
$ rollup -c 

src/index.js → dist/index.js, dist/index.modern.js...
(!) Unused external imports
useRef imported from external module 'react' but never used
created dist/index.js, dist/index.modern.js in 1.7s
Done in 2.33s.
yarn install v1.22.5
[1/5] Validating package.json...
[2/5] Resolving packages...
[3/5] Fetching packages...
info fsevents@1.2.13: The platform "linux" is incompatible with this module.
info "fsevents@1.2.13" is an optional dependency and failed compatibility check. Excluding it from installation.
info fsevents@2.3.2: The platform "linux" is incompatible with this module.
info "fsevents@2.3.2" is an optional dependency and failed compatibility check. Excluding it from installation.
[4/5] Linking dependencies...
[5/5] Building fresh packages...
Done in 15.44s.
yarn run v1.22.5
$ rollup -c 

src/index.js → dist/index.js, dist/index.modern.js...
(!) Unused external imports
useRef imported from external module 'react' but never used
created dist/index.js, dist/index.modern.js in 1.5s
Done in 2.00s.
yarn install v1.22.5
[1/5] Validating package.json...
[2/5] Resolving packages...
success Already up-to-date.
Done in 0.44s.
yarn run v1.22.5
$ rollup -c 

src/index.js → dist/index.js, dist/index.modern.js...
(!) Unused external imports
useRef imported from external module 'react' but never used
created dist/index.js, dist/index.modern.js in 1.5s
Done in 2.02s.
yarn install v1.22.10
[1/5] Validating package.json...
[2/5] Resolving packages...
[3/5] Fetching packages...
info fsevents@1.2.13: The platform "linux" is incompatible with this module.
info "fsevents@1.2.13" is an optional dependency and failed compatibility check. Excluding it from installation.
info fsevents@2.3.2: The platform "linux" is incompatible with this module.
info "fsevents@2.3.2" is an optional dependency and failed compatibility check. Excluding it from installation.
[4/5] Linking dependencies...
[5/5] Building fresh packages...
Done in 6.59s.
yarn run v1.22.10
$ rollup -c 

src/index.js → dist/index.js, dist/index.modern.js...
(!) Unused external imports
useRef imported from external module 'react' but never used
created dist/index.js, dist/index.modern.js in 1.4s
Done in 1.83s.
yarn install v1.22.10
[1/5] Validating package.json...
[2/5] Resolving packages...
success Already up-to-date.
Done in 0.60s.
yarn run v1.22.10
$ rollup -c 

src/index.js → dist/index.js, dist/index.modern.js...
(!) Unused external imports
useRef imported from external module 'react' but never used
created dist/index.js, dist/index.modern.js in 1.7s
Done in 2.40s.
yarn install v1.22.5
[1/5] Validating package.json...
[2/5] Resolving packages...
[3/5] Fetching packages...
info fsevents@1.2.13: The platform "linux" is incompatible with this module.
info "fsevents@1.2.13" is an optional dependency and failed compatibility check. Excluding it from installation.
info fsevents@2.3.2: The platform "linux" is incompatible with this module.
info "fsevents@2.3.2" is an optional dependency and failed compatibility check. Excluding it from installation.
[4/5] Linking dependencies...
[5/5] Building fresh packages...
Done in 14.99s.
yarn run v1.22.5
$ rollup -c 

src/index.js → dist/index.js, dist/index.modern.js...
(!) Unused external imports
useRef imported from external module 'react' but never used
created dist/index.js, dist/index.modern.js in 1.4s
Done in 1.95s.
yarn install v1.22.10
[1/5] Validating package.json...
[2/5] Resolving packages...
[3/5] Fetching packages...
info fsevents@1.2.13: The platform "linux" is incompatible with this module.
info "fsevents@1.2.13" is an optional dependency and failed compatibility check. Excluding it from installation.
info fsevents@2.3.2: The platform "linux" is incompatible with this module.
info "fsevents@2.3.2" is an optional dependency and failed compatibility check. Excluding it from installation.
[4/5] Linking dependencies...
[5/5] Building fresh packages...
Done in 6.29s.
yarn run v1.22.10
$ rollup -c 

src/index.js → dist/index.js, dist/index.modern.js...
(!) Unused external imports
useRef imported from external module 'react' but never used
created dist/index.js, dist/index.modern.js in 1.4s
Done in 1.83s.
yarn install v1.22.10
[1/5] Validating package.json...
[2/5] Resolving packages...
success Already up-to-date.
Done in 0.61s.
yarn run v1.22.10
$ rollup -c 

src/index.js → dist/index.js, dist/index.modern.js...
(!) Unused external imports
useRef imported from external module 'react' but never used
created dist/index.js, dist/index.modern.js in 1.8s
Done in 2.43s.
yarn install v1.22.10
[1/5] Validating package.json...
[2/5] Resolving packages...
[3/5] Fetching packages...
info fsevents@1.2.13: The platform "linux" is incompatible with this module.
info "fsevents@1.2.13" is an optional dependency and failed compatibility check. Excluding it from installation.
info fsevents@2.3.2: The platform "linux" is incompatible with this module.
info "fsevents@2.3.2" is an optional dependency and failed compatibility check. Excluding it from installation.
[4/5] Linking dependencies...
[5/5] Building fresh packages...
Done in 7.13s.
yarn run v1.22.10
$ rollup -c 

src/index.js → dist/index.js, dist/index.modern.js...
(!) Unused external imports
useRef imported from external module 'react' but never used
created dist/index.js, dist/index.modern.js in 1.4s
Done in 1.83s.
yarn install v1.22.10
[1/5] Validating package.json...
[2/5] Resolving packages...
success Already up-to-date.
Done in 0.61s.
yarn run v1.22.10
$ rollup -c 

src/index.js → dist/index.js, dist/index.modern.js...
(!) Unused external imports
useRef imported from external module 'react' but never used
created dist/index.js, dist/index.modern.js in 1.4s
Done in 1.87s.
yarn install v1.22.10
[1/5] Validating package.json...
[2/5] Resolving packages...
success Already up-to-date.
Done in 0.60s.
yarn run v1.22.10
$ rollup -c 

src/index.js → dist/index.js, dist/index.modern.js...
created dist/index.js, dist/index.modern.js in 1.8s
Done in 2.49s.
yarn install v1.22.10
[1/5] Validating package.json...
[2/5] Resolving packages...
success Already up-to-date.
Done in 0.70s.
yarn run v1.22.10
$ rollup -c 

src/index.js → dist/index.js, dist/index.modern.js...
created dist/index.js, dist/index.modern.js in 1.7s
Done in 2.27s.
yarn install v1.22.10
[1/5] Validating package.json...
[2/5] Resolving packages...
[3/5] Fetching packages...
info fsevents@1.2.13: The platform "linux" is incompatible with this module.
info "fsevents@1.2.13" is an optional dependency and failed compatibility check. Excluding it from installation.
info fsevents@2.3.2: The platform "linux" is incompatible with this module.
info "fsevents@2.3.2" is an optional dependency and failed compatibility check. Excluding it from installation.
[4/5] Linking dependencies...
[5/5] Building fresh packages...
Done in 6.50s.
yarn run v1.22.10
$ rollup -c 

src/index.js → dist/index.js, dist/index.modern.js...
created dist/index.js, dist/index.modern.js in 1.4s
Done in 1.89s.
yarn install v1.22.10
[1/5] Validating package.json...
[2/5] Resolving packages...
success Already up-to-date.
Done in 0.61s.
yarn run v1.22.10
$ rollup -c 

src/index.js → dist/index.js, dist/index.modern.js...
created dist/index.js, dist/index.modern.js in 1.8s
Done in 2.47s.
yarn install v1.22.10
[1/5] Validating package.json...
[2/5] Resolving packages...
[3/5] Fetching packages...
info fsevents@1.2.13: The platform "linux" is incompatible with this module.
info "fsevents@1.2.13" is an optional dependency and failed compatibility check. Excluding it from installation.
info fsevents@2.3.2: The platform "linux" is incompatible with this module.
info "fsevents@2.3.2" is an optional dependency and failed compatibility check. Excluding it from installation.
[4/5] Linking dependencies...
[5/5] Building fresh packages...
Done in 8.21s.
yarn run v1.22.10
$ rollup -c 

src/index.js → dist/index.js, dist/index.modern.js...
created dist/index.js, dist/index.modern.js in 1.4s
Done in 1.84s.
yarn install v1.22.10
[1/5] Validating package.json...
[2/5] Resolving packages...
success Already up-to-date.
Done in 0.67s.
yarn run v1.22.10
$ rollup -c 

src/index.js → dist/index.js, dist/index.modern.js...
created dist/index.js, dist/index.modern.js in 1.6s
Done in 2.24s.
yarn install v1.22.10
[1/5] Validating package.json...
[2/5] Resolving packages...
success Already up-to-date.
Done in 0.60s.
yarn run v1.22.10
$ rollup -c 

src/index.js → dist/index.js, dist/index.modern.js...
created dist/index.js, dist/index.modern.js in 1.7s
Done in 2.38s.
yarn install v1.22.10
[1/5] Validating package.json...
[2/5] Resolving packages...
success Already up-to-date.
Done in 0.62s.
yarn run v1.22.10
$ rollup -c 

src/index.js → dist/index.js, dist/index.modern.js...
created dist/index.js, dist/index.modern.js in 1.4s
Done in 1.82s.
yarn install v1.22.10
[1/5] Validating package.json...
[2/5] Resolving packages...
success Already up-to-date.
Done in 0.62s.
yarn run v1.22.10
$ rollup -c 

src/index.js → dist/index.js, dist/index.modern.js...
created dist/index.js, dist/index.modern.js in 1.4s
Done in 1.89s.
yarn install v1.22.10
[1/5] Validating package.json...
[2/5] Resolving packages...
success Already up-to-date.
Done in 0.60s.
yarn run v1.22.10
$ rollup -c 

src/index.js → dist/index.js, dist/index.modern.js...
created dist/index.js, dist/index.modern.js in 1.5s
Done in 1.89s.
yarn install v1.22.10
[1/5] Validating package.json...
[2/5] Resolving packages...
success Already up-to-date.
Done in 0.61s.
yarn run v1.22.10
$ rollup -c 

src/index.js → dist/index.js, dist/index.modern.js...
created dist/index.js, dist/index.modern.js in 1.4s
Done in 1.86s.
yarn install v1.22.10
[1/5] Validating package.json...
[2/5] Resolving packages...
[3/5] Fetching packages...
info fsevents@1.2.13: The platform "linux" is incompatible with this module.
info "fsevents@1.2.13" is an optional dependency and failed compatibility check. Excluding it from installation.
info fsevents@2.3.2: The platform "linux" is incompatible with this module.
info "fsevents@2.3.2" is an optional dependency and failed compatibility check. Excluding it from installation.
[4/5] Linking dependencies...
[5/5] Building fresh packages...
Done in 6.54s.
yarn run v1.22.10
$ rollup -c 

src/index.js → dist/index.js, dist/index.modern.js...
created dist/index.js, dist/index.modern.js in 1.4s
Done in 1.87s.
yarn install v1.22.10
[1/5] Validating package.json...
[2/5] Resolving packages...
success Already up-to-date.
Done in 0.60s.
yarn run v1.22.10
$ rollup -c 

src/index.js → dist/index.js, dist/index.modern.js...
created dist/index.js, dist/index.modern.js in 1.8s
Done in 2.34s.
yarn install v1.22.11
[1/5] Validating package.json...
[2/5] Resolving packages...
[3/5] Fetching packages...
info fsevents@1.2.13: The platform "linux" is incompatible with this module.
info "fsevents@1.2.13" is an optional dependency and failed compatibility check. Excluding it from installation.
info fsevents@2.3.2: The platform "linux" is incompatible with this module.
info "fsevents@2.3.2" is an optional dependency and failed compatibility check. Excluding it from installation.
[4/5] Linking dependencies...
[5/5] Building fresh packages...
Done in 4.08s.
yarn run v1.22.11
$ rollup -c 

src/index.js → dist/index.js, dist/index.modern.js...
created dist/index.js, dist/index.modern.js in 921ms
Done in 1.13s.
yarn install v1.22.11
[1/5] Validating package.json...
[2/5] Resolving packages...
[3/5] Fetching packages...
info fsevents@1.2.13: The platform "linux" is incompatible with this module.
info "fsevents@1.2.13" is an optional dependency and failed compatibility check. Excluding it from installation.
info fsevents@2.3.2: The platform "linux" is incompatible with this module.
info "fsevents@2.3.2" is an optional dependency and failed compatibility check. Excluding it from installation.
[4/5] Linking dependencies...
[5/5] Building fresh packages...
Done in 3.98s.
yarn run v1.22.11
$ rollup -c 

src/index.js → dist/index.js, dist/index.modern.js...
created dist/index.js, dist/index.modern.js in 875ms
Done in 1.07s.
yarn install v1.22.10
[1/5] Validating package.json...
[2/5] Resolving packages...
[3/5] Fetching packages...
info fsevents@1.2.13: The platform "linux" is incompatible with this module.
info "fsevents@1.2.13" is an optional dependency and failed compatibility check. Excluding it from installation.
info fsevents@2.3.2: The platform "linux" is incompatible with this module.
info "fsevents@2.3.2" is an optional dependency and failed compatibility check. Excluding it from installation.
[4/5] Linking dependencies...
[5/5] Building fresh packages...
Done in 6.74s.
yarn run v1.22.10
$ rollup -c 

src/index.js → dist/index.js, dist/index.modern.js...
created dist/index.js, dist/index.modern.js in 1.5s
Done in 1.93s.
yarn install v1.22.10
[1/5] Validating package.json...
[2/5] Resolving packages...
[3/5] Fetching packages...
info fsevents@1.2.13: The platform "linux" is incompatible with this module.
info "fsevents@1.2.13" is an optional dependency and failed compatibility check. Excluding it from installation.
info fsevents@2.3.2: The platform "linux" is incompatible with this module.
info "fsevents@2.3.2" is an optional dependency and failed compatibility check. Excluding it from installation.
[4/5] Linking dependencies...
[5/5] Building fresh packages...
Done in 7.38s.
yarn run v1.22.10
$ rollup -c 

src/index.js → dist/index.js, dist/index.modern.js...
created dist/index.js, dist/index.modern.js in 1.4s
Done in 1.81s.
yarn install v1.22.10
[1/5] Validating package.json...
[2/5] Resolving packages...
success Already up-to-date.
Done in 0.61s.
yarn run v1.22.10
$ rollup -c 

src/index.js → dist/index.js, dist/index.modern.js...
created dist/index.js, dist/index.modern.js in 3s
Done in 4.15s.
yarn install v1.22.10
[1/5] Validating package.json...
[2/5] Resolving packages...
success Already up-to-date.
Done in 0.61s.
yarn run v1.22.10
$ rollup -c 

src/index.js → dist/index.js, dist/index.modern.js...
created dist/index.js, dist/index.modern.js in 1.9s
Done in 2.51s.
yarn install v1.22.10
[1/5] Validating package.json...
[2/5] Resolving packages...
success Already up-to-date.
Done in 0.61s.
yarn run v1.22.10
$ rollup -c 

src/index.js → dist/index.js, dist/index.modern.js...
created dist/index.js, dist/index.modern.js in 1.9s
Done in 2.69s.
yarn install v1.22.11
[1/5] Validating package.json...
[2/5] Resolving packages...
[3/5] Fetching packages...
info fsevents@1.2.13: The platform "linux" is incompatible with this module.
info "fsevents@1.2.13" is an optional dependency and failed compatibility check. Excluding it from installation.
info fsevents@2.3.2: The platform "linux" is incompatible with this module.
info "fsevents@2.3.2" is an optional dependency and failed compatibility check. Excluding it from installation.
[4/5] Linking dependencies...
[5/5] Building fresh packages...
Done in 3.49s.
yarn run v1.22.11
$ rollup -c 

src/index.js → dist/index.js, dist/index.modern.js...
created dist/index.js, dist/index.modern.js in 916ms
Done in 1.10s.
yarn install v1.22.10
[1/5] Validating package.json...
[2/5] Resolving packages...
[3/5] Fetching packages...
info fsevents@1.2.13: The platform "linux" is incompatible with this module.
info "fsevents@1.2.13" is an optional dependency and failed compatibility check. Excluding it from installation.
info fsevents@2.3.2: The platform "linux" is incompatible with this module.
info "fsevents@2.3.2" is an optional dependency and failed compatibility check. Excluding it from installation.
[4/5] Linking dependencies...
[5/5] Building fresh packages...
Done in 6.41s.
yarn run v1.22.10
$ rollup -c 

src/index.js → dist/index.js, dist/index.modern.js...
created dist/index.js, dist/index.modern.js in 1.4s
Done in 1.84s.
yarn install v1.22.10
[1/5] Validating package.json...
[2/5] Resolving packages...
[3/5] Fetching packages...
info fsevents@1.2.13: The platform "linux" is incompatible with this module.
info "fsevents@1.2.13" is an optional dependency and failed compatibility check. Excluding it from installation.
info fsevents@2.3.2: The platform "linux" is incompatible with this module.
info "fsevents@2.3.2" is an optional dependency and failed compatibility check. Excluding it from installation.
[4/5] Linking dependencies...
[5/5] Building fresh packages...
Done in 6.73s.
yarn run v1.22.10
$ rollup -c 

src/index.js → dist/index.js, dist/index.modern.js...
created dist/index.js, dist/index.modern.js in 1.4s
Done in 1.85s.
yarn install v1.22.10
[1/5] Validating package.json...
[2/5] Resolving packages...
success Already up-to-date.
Done in 0.64s.
yarn run v1.22.10
$ rollup -c 

src/index.js → dist/index.js, dist/index.modern.js...
created dist/index.js, dist/index.modern.js in 1.5s
Done in 1.94s.
yarn install v1.22.11
[1/5] Validating package.json...
[2/5] Resolving packages...
[3/5] Fetching packages...
info fsevents@1.2.13: The platform "linux" is incompatible with this module.
info "fsevents@1.2.13" is an optional dependency and failed compatibility check. Excluding it from installation.
info fsevents@2.3.2: The platform "linux" is incompatible with this module.
info "fsevents@2.3.2" is an optional dependency and failed compatibility check. Excluding it from installation.
[4/5] Linking dependencies...
[5/5] Building fresh packages...
Done in 3.99s.
yarn run v1.22.11
$ rollup -c 

src/index.js → dist/index.js, dist/index.modern.js...
created dist/index.js, dist/index.modern.js in 945ms
Done in 1.15s.
yarn install v1.22.11
[1/5] Validating package.json...
[2/5] Resolving packages...
[3/5] Fetching packages...
info fsevents@1.2.13: The platform "linux" is incompatible with this module.
info "fsevents@1.2.13" is an optional dependency and failed compatibility check. Excluding it from installation.
info fsevents@2.3.2: The platform "linux" is incompatible with this module.
info "fsevents@2.3.2" is an optional dependency and failed compatibility check. Excluding it from installation.
[4/5] Linking dependencies...
[5/5] Building fresh packages...
Done in 3.66s.
yarn run v1.22.11
$ rollup -c 

src/index.js → dist/index.js, dist/index.modern.js...
created dist/index.js, dist/index.modern.js in 956ms
Done in 1.16s.
yarn install v1.22.11
[1/5] Validating package.json...
[2/5] Resolving packages...
[3/5] Fetching packages...
info fsevents@1.2.13: The platform "linux" is incompatible with this module.
info "fsevents@1.2.13" is an optional dependency and failed compatibility check. Excluding it from installation.
info fsevents@2.3.2: The platform "linux" is incompatible with this module.
info "fsevents@2.3.2" is an optional dependency and failed compatibility check. Excluding it from installation.
[4/5] Linking dependencies...
[5/5] Building fresh packages...
Done in 4.06s.
yarn run v1.22.11
$ rollup -c 

src/index.js → dist/index.js, dist/index.modern.js...
created dist/index.js, dist/index.modern.js in 945ms
Done in 1.16s.
yarn install v1.22.11
[1/5] Validating package.json...
[2/5] Resolving packages...
success Already up-to-date.
Done in 0.42s.
yarn run v1.22.11
$ rollup -c 

src/index.js → dist/index.js, dist/index.modern.js...
created dist/index.js, dist/index.modern.js in 932ms
Done in 1.15s.
yarn install v1.22.11
[1/5] Validating package.json...
[2/5] Resolving packages...
[3/5] Fetching packages...
info fsevents@1.2.13: The platform "linux" is incompatible with this module.
info "fsevents@1.2.13" is an optional dependency and failed compatibility check. Excluding it from installation.
info fsevents@2.3.2: The platform "linux" is incompatible with this module.
info "fsevents@2.3.2" is an optional dependency and failed compatibility check. Excluding it from installation.
[4/5] Linking dependencies...
[5/5] Building fresh packages...
Done in 4.05s.
yarn run v1.22.11
$ rollup -c 

src/index.js → dist/index.js, dist/index.modern.js...
created dist/index.js, dist/index.modern.js in 977ms
Done in 1.18s.
yarn install v1.22.11
[1/5] Validating package.json...
[2/5] Resolving packages...
[3/5] Fetching packages...
info fsevents@1.2.13: The platform "linux" is incompatible with this module.
info "fsevents@1.2.13" is an optional dependency and failed compatibility check. Excluding it from installation.
info fsevents@2.3.2: The platform "linux" is incompatible with this module.
info "fsevents@2.3.2" is an optional dependency and failed compatibility check. Excluding it from installation.
[4/5] Linking dependencies...
[5/5] Building fresh packages...
Done in 4.15s.
yarn run v1.22.11
$ rollup -c 

src/index.js → dist/index.js, dist/index.modern.js...
[!] Error: Could not resolve './nav/Loading' from src/index.js
Error: Could not resolve './nav/Loading' from src/index.js
    at error (/home/roque/SIS-AEB-FRONTEND/packages/navigation/node_modules/rollup/dist/shared/rollup.js:7917:30)
    at ModuleLoader.handleResolveId (/home/roque/SIS-AEB-FRONTEND/packages/navigation/node_modules/rollup/dist/shared/rollup.js:19602:24)
    at /home/roque/SIS-AEB-FRONTEND/packages/navigation/node_modules/rollup/dist/shared/rollup.js:19551:22
    at async Promise.all (index 2)
    at ModuleLoader.fetchStaticDependencies (/home/roque/SIS-AEB-FRONTEND/packages/navigation/node_modules/rollup/dist/shared/rollup.js:19549:34)
    at async Promise.all (index 0)
    at ModuleLoader.fetchModule (/home/roque/SIS-AEB-FRONTEND/packages/navigation/node_modules/rollup/dist/shared/rollup.js:19525:9)
    at async Promise.all (index 0)

error Command failed with exit code 1.
info Visit https://yarnpkg.com/en/docs/cli/run for documentation about this command.
yarn install v1.22.11
[1/5] Validating package.json...
[2/5] Resolving packages...
[3/5] Fetching packages...
info fsevents@1.2.13: The platform "linux" is incompatible with this module.
info "fsevents@1.2.13" is an optional dependency and failed compatibility check. Excluding it from installation.
info fsevents@2.3.2: The platform "linux" is incompatible with this module.
info "fsevents@2.3.2" is an optional dependency and failed compatibility check. Excluding it from installation.
[4/5] Linking dependencies...
[5/5] Building fresh packages...
Done in 4.04s.
yarn run v1.22.11
$ rollup -c 

src/index.js → dist/index.js, dist/index.modern.js...
created dist/index.js, dist/index.modern.js in 910ms
Done in 1.10s.
yarn install v1.22.11
[1/5] Validating package.json...
[2/5] Resolving packages...
[3/5] Fetching packages...
info fsevents@1.2.13: The platform "linux" is incompatible with this module.
info "fsevents@1.2.13" is an optional dependency and failed compatibility check. Excluding it from installation.
info fsevents@2.3.2: The platform "linux" is incompatible with this module.
info "fsevents@2.3.2" is an optional dependency and failed compatibility check. Excluding it from installation.
[4/5] Linking dependencies...
[5/5] Building fresh packages...
Done in 3.51s.
yarn run v1.22.11
$ rollup -c 

src/index.js → dist/index.js, dist/index.modern.js...
created dist/index.js, dist/index.modern.js in 939ms
Done in 1.13s.
yarn install v1.22.11
[1/5] Validating package.json...
[2/5] Resolving packages...
[3/5] Fetching packages...
info fsevents@1.2.13: The platform "linux" is incompatible with this module.
info "fsevents@1.2.13" is an optional dependency and failed compatibility check. Excluding it from installation.
info fsevents@2.3.2: The platform "linux" is incompatible with this module.
info "fsevents@2.3.2" is an optional dependency and failed compatibility check. Excluding it from installation.
[4/5] Linking dependencies...
[5/5] Building fresh packages...
Done in 4.06s.
yarn run v1.22.11
$ rollup -c 

src/index.js → dist/index.js, dist/index.modern.js...
created dist/index.js, dist/index.modern.js in 930ms
Done in 1.15s.
yarn install v1.22.11
[1/5] Validating package.json...
[2/5] Resolving packages...
[3/5] Fetching packages...
info fsevents@1.2.13: The platform "linux" is incompatible with this module.
info "fsevents@1.2.13" is an optional dependency and failed compatibility check. Excluding it from installation.
info fsevents@2.3.2: The platform "linux" is incompatible with this module.
info "fsevents@2.3.2" is an optional dependency and failed compatibility check. Excluding it from installation.
[4/5] Linking dependencies...
[5/5] Building fresh packages...
Done in 4.24s.
yarn run v1.22.11
$ rollup -c 

src/index.js → dist/index.js, dist/index.modern.js...
created dist/index.js, dist/index.modern.js in 977ms
Done in 1.19s.
yarn install v1.22.11
[1/5] Validating package.json...
[2/5] Resolving packages...
[3/5] Fetching packages...
info fsevents@1.2.13: The platform "linux" is incompatible with this module.
info "fsevents@1.2.13" is an optional dependency and failed compatibility check. Excluding it from installation.
info fsevents@2.3.2: The platform "linux" is incompatible with this module.
info "fsevents@2.3.2" is an optional dependency and failed compatibility check. Excluding it from installation.
[4/5] Linking dependencies...
[5/5] Building fresh packages...
Done in 3.99s.
yarn run v1.22.11
$ rollup -c 

src/index.js → dist/index.js, dist/index.modern.js...
created dist/index.js, dist/index.modern.js in 1.1s
Done in 1.36s.
yarn install v1.22.11
[1/5] Validating package.json...
[2/5] Resolving packages...
[3/5] Fetching packages...
info fsevents@1.2.13: The platform "linux" is incompatible with this module.
info "fsevents@1.2.13" is an optional dependency and failed compatibility check. Excluding it from installation.
info fsevents@2.3.2: The platform "linux" is incompatible with this module.
info "fsevents@2.3.2" is an optional dependency and failed compatibility check. Excluding it from installation.
[4/5] Linking dependencies...
[5/5] Building fresh packages...
Done in 4.55s.
yarn run v1.22.11
$ rollup -c 

src/index.js → dist/index.js, dist/index.modern.js...
created dist/index.js, dist/index.modern.js in 1s
Done in 1.28s.
yarn install v1.22.11
[1/5] Validating package.json...
[2/5] Resolving packages...
[3/5] Fetching packages...
info fsevents@1.2.13: The platform "linux" is incompatible with this module.
info "fsevents@1.2.13" is an optional dependency and failed compatibility check. Excluding it from installation.
info fsevents@2.3.2: The platform "linux" is incompatible with this module.
info "fsevents@2.3.2" is an optional dependency and failed compatibility check. Excluding it from installation.
[4/5] Linking dependencies...
[5/5] Building fresh packages...
Done in 4.45s.
yarn run v1.22.11
$ rollup -c 

src/index.js → dist/index.js, dist/index.modern.js...
created dist/index.js, dist/index.modern.js in 1s
Done in 1.28s.
yarn install v1.22.11
[1/5] Validating package.json...
[2/5] Resolving packages...
[3/5] Fetching packages...
info fsevents@1.2.13: The platform "linux" is incompatible with this module.
info "fsevents@1.2.13" is an optional dependency and failed compatibility check. Excluding it from installation.
info fsevents@2.3.2: The platform "linux" is incompatible with this module.
info "fsevents@2.3.2" is an optional dependency and failed compatibility check. Excluding it from installation.
[4/5] Linking dependencies...
[5/5] Building fresh packages...
Done in 3.98s.
yarn run v1.22.11
$ rollup -c 

src/index.js → dist/index.js, dist/index.modern.js...
created dist/index.js, dist/index.modern.js in 1s
Done in 1.22s.
yarn install v1.22.11
[1/5] Validating package.json...
[2/5] Resolving packages...
[3/5] Fetching packages...
info fsevents@1.2.13: The platform "linux" is incompatible with this module.
info "fsevents@1.2.13" is an optional dependency and failed compatibility check. Excluding it from installation.
info fsevents@2.3.2: The platform "linux" is incompatible with this module.
info "fsevents@2.3.2" is an optional dependency and failed compatibility check. Excluding it from installation.
[4/5] Linking dependencies...
[5/5] Building fresh packages...
Done in 4.43s.
yarn run v1.22.11
$ rollup -c 

src/index.js → dist/index.js, dist/index.modern.js...
created dist/index.js, dist/index.modern.js in 932ms
Done in 1.15s.
yarn install v1.22.11
[1/5] Validating package.json...
[2/5] Resolving packages...
[3/5] Fetching packages...
info fsevents@1.2.13: The platform "linux" is incompatible with this module.
info "fsevents@1.2.13" is an optional dependency and failed compatibility check. Excluding it from installation.
info fsevents@2.3.2: The platform "linux" is incompatible with this module.
info "fsevents@2.3.2" is an optional dependency and failed compatibility check. Excluding it from installation.
[4/5] Linking dependencies...
[5/5] Building fresh packages...
Done in 4.02s.
yarn run v1.22.11
$ rollup -c 

src/index.js → dist/index.js, dist/index.modern.js...
created dist/index.js, dist/index.modern.js in 939ms
Done in 1.14s.
yarn install v1.22.11
[1/5] Validating package.json...
[2/5] Resolving packages...
[3/5] Fetching packages...
info fsevents@1.2.13: The platform "linux" is incompatible with this module.
info "fsevents@1.2.13" is an optional dependency and failed compatibility check. Excluding it from installation.
info fsevents@2.3.2: The platform "linux" is incompatible with this module.
info "fsevents@2.3.2" is an optional dependency and failed compatibility check. Excluding it from installation.
[4/5] Linking dependencies...
[5/5] Building fresh packages...
Done in 4.02s.
yarn run v1.22.11
$ rollup -c 

src/index.js → dist/index.js, dist/index.modern.js...
created dist/index.js, dist/index.modern.js in 902ms
Done in 1.09s.
yarn install v1.22.11
[1/5] Validating package.json...
[2/5] Resolving packages...
[3/5] Fetching packages...
info fsevents@1.2.13: The platform "linux" is incompatible with this module.
info "fsevents@1.2.13" is an optional dependency and failed compatibility check. Excluding it from installation.
info fsevents@2.3.2: The platform "linux" is incompatible with this module.
info "fsevents@2.3.2" is an optional dependency and failed compatibility check. Excluding it from installation.
[4/5] Linking dependencies...
[5/5] Building fresh packages...
Done in 3.71s.
yarn run v1.22.11
$ rollup -c 

src/index.js → dist/index.js, dist/index.modern.js...
created dist/index.js, dist/index.modern.js in 928ms
Done in 1.15s.
yarn install v1.22.11
[1/5] Validating package.json...
[2/5] Resolving packages...
[3/5] Fetching packages...
info fsevents@1.2.13: The platform "linux" is incompatible with this module.
info "fsevents@1.2.13" is an optional dependency and failed compatibility check. Excluding it from installation.
info fsevents@2.3.2: The platform "linux" is incompatible with this module.
info "fsevents@2.3.2" is an optional dependency and failed compatibility check. Excluding it from installation.
[4/5] Linking dependencies...
[5/5] Building fresh packages...
Done in 3.99s.
yarn run v1.22.11
$ rollup -c 

src/index.js → dist/index.js, dist/index.modern.js...
created dist/index.js, dist/index.modern.js in 918ms
Done in 1.13s.
yarn install v1.22.11
[1/5] Validating package.json...
[2/5] Resolving packages...
[3/5] Fetching packages...
info fsevents@1.2.13: The platform "linux" is incompatible with this module.
info "fsevents@1.2.13" is an optional dependency and failed compatibility check. Excluding it from installation.
info fsevents@2.3.2: The platform "linux" is incompatible with this module.
info "fsevents@2.3.2" is an optional dependency and failed compatibility check. Excluding it from installation.
[4/5] Linking dependencies...
[5/5] Building fresh packages...
Done in 3.43s.
yarn run v1.22.11
$ rollup -c 

src/index.js → dist/index.js, dist/index.modern.js...
created dist/index.js, dist/index.modern.js in 951ms
Done in 1.17s.
yarn install v1.22.11
[1/5] Validating package.json...
[2/5] Resolving packages...
[3/5] Fetching packages...
info fsevents@1.2.13: The platform "linux" is incompatible with this module.
info "fsevents@1.2.13" is an optional dependency and failed compatibility check. Excluding it from installation.
info fsevents@2.3.2: The platform "linux" is incompatible with this module.
info "fsevents@2.3.2" is an optional dependency and failed compatibility check. Excluding it from installation.
[4/5] Linking dependencies...
[5/5] Building fresh packages...
Done in 4.04s.
yarn run v1.22.11
$ rollup -c 

src/index.js → dist/index.js, dist/index.modern.js...
created dist/index.js, dist/index.modern.js in 911ms
Done in 1.11s.
yarn install v1.22.11
[1/5] Validating package.json...
[2/5] Resolving packages...
[3/5] Fetching packages...
info fsevents@1.2.13: The platform "linux" is incompatible with this module.
info "fsevents@1.2.13" is an optional dependency and failed compatibility check. Excluding it from installation.
info fsevents@2.3.2: The platform "linux" is incompatible with this module.
info "fsevents@2.3.2" is an optional dependency and failed compatibility check. Excluding it from installation.
[4/5] Linking dependencies...
[5/5] Building fresh packages...
Done in 3.72s.
yarn run v1.22.11
$ rollup -c 

src/index.js → dist/index.js, dist/index.modern.js...
created dist/index.js, dist/index.modern.js in 933ms
Done in 1.16s.
yarn install v1.22.11
[1/5] Validating package.json...
[2/5] Resolving packages...
[3/5] Fetching packages...
info fsevents@1.2.13: The platform "linux" is incompatible with this module.
info "fsevents@1.2.13" is an optional dependency and failed compatibility check. Excluding it from installation.
info fsevents@2.3.2: The platform "linux" is incompatible with this module.
info "fsevents@2.3.2" is an optional dependency and failed compatibility check. Excluding it from installation.
[4/5] Linking dependencies...
[5/5] Building fresh packages...
Done in 4.04s.
yarn run v1.22.11
$ rollup -c 

src/index.js → dist/index.js, dist/index.modern.js...
created dist/index.js, dist/index.modern.js in 947ms
Done in 1.15s.
yarn install v1.22.11
[1/5] Validating package.json...
[2/5] Resolving packages...
success Already up-to-date.
Done in 0.41s.
yarn run v1.22.11
$ rollup -c 

src/index.js → dist/index.js, dist/index.modern.js...
created dist/index.js, dist/index.modern.js in 952ms
Done in 1.14s.
